Running HiGHS 1.15.1 (git hash: n/a): Copyright (c) 2026 under MIT licence terms
Includes third-party software components, see THIRD_PARTY_NOTICES.md for full details
readMPS: Trying to open file /workspace/scratch/aacb49f958f5/issue3387_repro/small_repro_17digit.mps
readMPS: Read NAME    OK
readMPS: Read OBJSENSE OK
readMPS: Read ROWS    OK
readMPS: Read COLUMNS OK
readMPS: Read RHS     OK
Number of BV entries in BOUNDS section is 7
readMPS: Read BOUNDS  OK
MIP       : small_repro_17digit
Rows      : 4
Cols      : 11
Nonzeros  : 15
Integer   : 7 (7 binary)
Coefficient ranges:
  Matrix  [2e-06, 1e+03]
  Cost    [1e+00, 1e+00]
  Bound   [1e+00, 1e+03] (continuous)
  Bound   [1e+00, 1e+00] (non-continuous)
  RHS     [0e+00, 0e+00]
Scheduler initialized: 1 threads (physical cores: 5)
Permitted suppression of presolve rules via presolve_rule_off option:
 * Rule  0 (set bit  0 =       1): Empty row
 * Rule  1 (set bit  1 =       2): Singleton row
 * Rule  2 (set bit  2 =       4): Redundant row
 * Rule  3 (set bit  3 =       8): Empty column
 * Rule  4 (set bit  4 =      16): Fixed column
   Rule  6 (set bit  6 =      64): Forcing row
   Rule  7 (set bit  7 =     128): Forcing col
   Rule  8 (set bit  8 =     256): Free col substitution
   Rule  9 (set bit  9 =     512): Doubleton equation
   Rule 10 (set bit 10 =    1024): Dependent equations
   Rule 11 (set bit 11 =    2048): Dependent free columns
   Rule 12 (set bit 12 =    4096): Aggregator
   Rule 13 (set bit 13 =    8192): Parallel rows and columns
   Rule 14 (set bit 14 =   16384): Sparsify
   Rule 15 (set bit 15 =   32768): Probing
   Rule 16 (set bit 16 =   65536): Enumeration
   Rule 17 (set bit 17 =  131072): Dual fixing
   Rule 18 (set bit 18 =  262144): Zero cost singleton
   Rule 19 (set bit 19 =  524288): Col stuffing
   Rule 20 (set bit 20 = 1048576): Initial sweep
   Rule 21 (set bit 21 = 2097152): Fourier-Motzkin
   Rule 22 (set bit 22 = 4194304): Weakly dominated col
 * Only in initial sweep

Presolve is switched off

Solving MIP model with:
   4 rows
   11 cols (7 binary, 0 integer, 0 implied int., 4 continuous, 0 domain fixed)
   15 nonzeros
   Thread count 1 (of 5 threads). Using 1 max workers. Parallel search off
Feasibility Jump: starting solve. weightUpdateDecay=1, relaxContinuous=0  

Src: B => Branching; C => Central rounding; F => Feasibility pump; H => Heuristic;
     I => Shifting; J => Feasibility jump; L => Sub-MIP; P => Empty MIP; R => Randomized rounding;
     S => Solve LP; T => Evaluate node; U => Unbounded; X => User solution; Y => HiGHS solution;
     Z => ZI Round; l => Trivial lower; p => Trivial point; u => Trivial upper; z => Trivial zero

        Nodes      |    B&B Tree     |            Objective Bounds              |  Dynamic Constraints |       Work      
Src  Proc. InQueue |  Leaves   Expl. | BestBound       BestSol              Gap |   Cuts   InLp Confl. | LpIters     Time

 J       0       0         0   0.00%   inf             -0                 Large        0      0      0         0     0.0s
         0       0         0   0.00%   1               -0                 Large        0      0      3         0     0.0s
Fixing 1 columns (0 integers) sitting at bound at analytic center
         1       0         1 100.00%   -0              -0                 0.00%        0      0      9         4     0.0s

Solving report
  Model             small_repro_17digit
  Status            Optimal
  Primal bound      -0
  Dual bound        -0
  Gap               0% (tolerance: 0.01%)
  P-D integral      0
  Solution status   feasible
                    0 (objective)
  Timing            0.01
                    0.00 (Presolve)
                    0.01 (Solve)
                    0.00 (Postsolve)
  Max sub-MIP depth 0
  Nodes             1
  Repair LPs        0
  LP iterations     4
                    0 (strong br.)
                    2 (separation)
                    0 (heuristics)
getKktFailures:: cost norm =        1; bound norm =        0
getKktFailures:                      LP  (abs / rel)         Col (abs / rel)         Row (abs / rel)
getKktFailures: primal infeasibility        0 /        0            0 /        0            0 /        0

MIP sub-solver profiling: number of threads used = 1

Thread 0
Solver                    Calls    Time       Time/call      MIP%
MIP                           1  7.7465e-03  7.7465e-03
Du simplex (basis)            3  2.3770e-04  7.9234e-05       3.1
IPX (AC)                      1  3.3855e-04  3.3855e-04       4.4
TOTAL                            5.7626e-04                   7.4

Percent (sub-)MIP time by thread

MIP sub-solver            0
Du simplex (basis)      3.1
IPX (AC)                4.4
===========================
Total                   7.4
===========================
RESULT_JSON {"kind": "assert", "presolve": "off", "options": {"presolve": "off", "threads": 1, "random_seed": 0, "time_limit": 10.0, "log_dev_level": 1}, "dso_sha256": "1cd1ee2a86caf402e3d4a97fef182feccd07fbeed62387c9b32f8b6babc12651", "loaded_maps": ["7f4da1b00000-7f4da1ba2000 r--p 00000000 00:1b 1458004                    /workspace/scratch/aacb49f958f5/issue3387_repro/qualified/fixed-assert-build/lib/libhighs.so.1.15.1", "7f4da1ba2000-7f4da1fb4000 r-xp 000a2000 00:1b 1458004                    /workspace/scratch/aacb49f958f5/issue3387_repro/qualified/fixed-assert-build/lib/libhighs.so.1.15.1", "7f4da1fb4000-7f4da2079000 r--p 004b4000 00:1b 1458004                    /workspace/scratch/aacb49f958f5/issue3387_repro/qualified/fixed-assert-build/lib/libhighs.so.1.15.1", "7f4da2079000-7f4da207c000 r--p 00579000 00:1b 1458004                    /workspace/scratch/aacb49f958f5/issue3387_repro/qualified/fixed-assert-build/lib/libhighs.so.1.15.1", "7f4da207c000-7f4da2085000 rw-p 0057c000 00:1b 1458004                    /workspace/scratch/aacb49f958f5/issue3387_repro/qualified/fixed-assert-build/lib/libhighs.so.1.15.1"], "run_status": 0, "model_status": 7, "objective": 0.0, "solution": [0.0, 0.0, 0.0, 0.0, -0.0, -0.0, -0.0, -0.0, -0.0, -0.0, -0.0], "expected_objective": 1, "objective_correct": false}
