Running HiGHS 1.15.1 (git hash: n/a): Copyright (c) 2026 under MIT licence terms
Includes third-party software components, see THIRD_PARTY_NOTICES.md for full details
readMPS: Trying to open file /workspace/scratch/aacb49f958f5/issue3387_repro/small_repro_17digit.mps
readMPS: Read NAME    OK
readMPS: Read OBJSENSE OK
readMPS: Read ROWS    OK
readMPS: Read COLUMNS OK
readMPS: Read RHS     OK
Number of BV entries in BOUNDS section is 7
readMPS: Read BOUNDS  OK
MIP       : small_repro_17digit
Rows      : 4
Cols      : 11
Nonzeros  : 15
Integer   : 7 (7 binary)
Coefficient ranges:
  Matrix  [2e-06, 1e+03]
  Cost    [1e+00, 1e+00]
  Bound   [1e+00, 1e+03] (continuous)
  Bound   [1e+00, 1e+00] (non-continuous)
  RHS     [0e+00, 0e+00]
Scheduler initialized: 1 threads (physical cores: 5)
Permitted suppression of presolve rules via presolve_rule_off option:
 * Rule  0 (set bit  0 =       1): Empty row
 * Rule  1 (set bit  1 =       2): Singleton row
 * Rule  2 (set bit  2 =       4): Redundant row
 * Rule  3 (set bit  3 =       8): Empty column
 * Rule  4 (set bit  4 =      16): Fixed column
   Rule  6 (set bit  6 =      64): Forcing row
   Rule  7 (set bit  7 =     128): Forcing col
   Rule  8 (set bit  8 =     256): Free col substitution
   Rule  9 (set bit  9 =     512): Doubleton equation
   Rule 10 (set bit 10 =    1024): Dependent equations
   Rule 11 (set bit 11 =    2048): Dependent free columns
   Rule 12 (set bit 12 =    4096): Aggregator
   Rule 13 (set bit 13 =    8192): Parallel rows and columns
   Rule 14 (set bit 14 =   16384): Sparsify
   Rule 15 (set bit 15 =   32768): Probing
   Rule 16 (set bit 16 =   65536): Enumeration
   Rule 17 (set bit 17 =  131072): Dual fixing
   Rule 18 (set bit 18 =  262144): Zero cost singleton
   Rule 19 (set bit 19 =  524288): Col stuffing
   Rule 20 (set bit 20 = 1048576): Initial sweep
   Rule 21 (set bit 21 = 2097152): Fourier-Motzkin
   Rule 22 (set bit 22 = 4194304): Weakly dominated col
 * Only in initial sweep
Presolving model
4 rows, 11 cols, 15 nonzeros 0s
2 rows, 8 cols, 9 nonzeros 0s
Enumeration presolve: 3 deleted columns, 0 tightened bounds, 3 substitutions, 0 deleted rows, 0 lifted nonzeros
1 rows, 1 cols, 0 nonzeros 0s
Presolve reductions: rows 0(-4); columns 0(-11); nonzeros 0(-15) - Reduced to empty
MIP-Timing:     0.00056 - completed presolve
Presolve: Optimal

Src: B => Branching; C => Central rounding; F => Feasibility pump; H => Heuristic;
     I => Shifting; J => Feasibility jump; L => Sub-MIP; P => Empty MIP; R => Randomized rounding;
     S => Solve LP; T => Evaluate node; U => Unbounded; X => User solution; Y => HiGHS solution;
     Z => ZI Round; l => Trivial lower; p => Trivial point; u => Trivial upper; z => Trivial zero

        Nodes      |    B&B Tree     |            Objective Bounds              |  Dynamic Constraints |       Work      
Src  Proc. InQueue |  Leaves   Expl. | BestBound       BestSol              Gap |   Cuts   InLp Confl. | LpIters     Time

         0       0         0   0.00%   1               1                  0.00%        0      0      0         0     0.0s

Solving report
  Model             small_repro_17digit
  Status            Optimal
  Primal bound      1
  Dual bound        1
  Gap               0% (tolerance: 0.01%)
  P-D integral      0
  Solution status   feasible
                    1 (objective)
  Timing            0.00
                    0.00 (Presolve)
                    0.00 (Solve)
                    0.00 (Postsolve)
  Max sub-MIP depth 0
  Nodes             0
  Repair LPs        0
  LP iterations     0
getKktFailures:: cost norm =        1; bound norm =    1e+03
getKktFailures:                      LP  (abs / rel)         Col (abs / rel)         Row (abs / rel)
getKktFailures: primal infeasibility 5.05e-15 / 5.04e-18            0 /        0     5.05e-15 / 5.04e-18

MIP sub-solver profiling: number of threads used = 1

Thread 0
Solver                    Calls    Time       Time/call      MIP%
MIP                           1  6.2752e-04  6.2752e-04
RESULT_JSON {"kind": "release", "presolve": "on", "options": {"presolve": "on", "threads": 1, "random_seed": 0, "time_limit": 10.0, "log_dev_level": 1, "highs_analysis_level": 128}, "dso_sha256": "12e11b36c5162e6bc0cc0357b5a5a9e69305e6cca8956951e497b71a8643edcb", "loaded_maps": ["7fcf907fe000-7fcf90865000 r--p 00000000 00:1b 1460701                    /workspace/scratch/aacb49f958f5/issue3387_repro/candidate-release-build/lib/libhighs.so.1.15.1", "7fcf90865000-7fcf90cd8000 r-xp 00067000 00:1b 1460701                    /workspace/scratch/aacb49f958f5/issue3387_repro/candidate-release-build/lib/libhighs.so.1.15.1", "7fcf90cd8000-7fcf90d75000 r--p 004da000 00:1b 1460701                    /workspace/scratch/aacb49f958f5/issue3387_repro/candidate-release-build/lib/libhighs.so.1.15.1", "7fcf90d75000-7fcf90d78000 r--p 00577000 00:1b 1460701                    /workspace/scratch/aacb49f958f5/issue3387_repro/candidate-release-build/lib/libhighs.so.1.15.1", "7fcf90d78000-7fcf90d7f000 rw-p 0057a000 00:1b 1460701                    /workspace/scratch/aacb49f958f5/issue3387_repro/candidate-release-build/lib/libhighs.so.1.15.1"], "run_status": 0, "model_status": 7, "objective": 1.0, "solution": [1.0, 999.999998, 1000.0, 1.9999999949504854e-06, 1.0, -0.0, 1.0, 1.0, -0.0, 1.0, -0.0], "sense": "max", "expected_objective": 1, "objective_correct": true}
