Running HiGHS 1.15.1 (git hash: d547a3ad8a): Copyright (c) 2026 under MIT licence terms
Includes third-party software components, see THIRD_PARTY_NOTICES.md for full details
Command line parsed using CLI11 2.5.0: Copyright (c) 2017-2025 University of Cincinnati
Set option parallel to "off"
Set option threads to 2
Set option time_limit to 60
Set option random_seed to 3
Set option write_solution_to_file to true
Set option solution_file to "/workspace/scuc-campaign/cache-panel-v1/flugpl-s3-official/point.sol"
MIP flugpl has 18 rows; 18 cols; 46 nonzeros; 11 integer variables (0 binary)
Coefficient ranges:
  Matrix  [9e-01, 2e+02]
  Cost    [3e+01, 3e+03]
  Bound   [0e+00, 0e+00] (continuous)
  Bound   [2e+01, 8e+01] (non-continuous)
  RHS     [6e+01, 1e+04]
Presolving model
18 rows, 18 cols, 46 nonzeros 0s
15 rows, 15 cols, 38 nonzeros 0s
13 rows, 14 cols, 34 nonzeros 0s
Presolve reductions: rows 13(-5); columns 14(-4); nonzeros 34(-12) 
Objective function is integral with scale 0.0333333

Solving MIP model with:
   13 rows
   14 cols (0 binary, 9 integer, 5 implied int., 0 continuous, 0 domain fixed)
   34 nonzeros
   Thread count 2 (of 5 threads). Using 1 max workers. Parallel search off

Src: B => Branching; C => Central rounding; F => Feasibility pump; H => Heuristic;
     I => Shifting; J => Feasibility jump; L => Sub-MIP; P => Empty MIP; R => Randomized rounding;
     S => Solve LP; T => Evaluate node; U => Unbounded; X => User solution; Y => HiGHS solution;
     Z => ZI Round; l => Trivial lower; p => Trivial point; u => Trivial upper; z => Trivial zero

        Nodes      |    B&B Tree     |            Objective Bounds              |  Dynamic Constraints |       Work      
Src  Proc. InQueue |  Leaves   Expl. | BestBound       BestSol              Gap |   Cuts   InLp Confl. | LpIters     Time

         0       0         0   0.00%   1018500         inf                  inf        0      0      0         0     0.0s
         0       0         0   0.00%   1167875.166377  inf                  inf        0      0      3        10     0.0s
 H       0       0         0   0.00%   1173598.847194  1202700            2.42%      157     22    210        40     0.1s
 T      66       0        20  76.66%   1173598.847194  1201800            2.35%      158      6    540       492     0.2s
 T      68       0        21  76.71%   1173598.847194  1201500            2.32%      159      6    545       494     0.2s
        99       0        31 100.00%   1201500         1201500            0.00%      159      6    670       593     0.2s

Solving report
  Model             flugpl
  Status            Optimal
  Primal bound      1201500
  Dual bound        1201500
  Gap               0% (tolerance: 0.01%)
  P-D integral      0.00228512243745
  Solution status   feasible
                    1201500 (objective)
  Timing            0.24
                    0.00 (Presolve)
                        MIP    time [calls] = 0.00 [1]
                        subMIP time [calls] = 0.00 [1]
                    0.24 (Solve)
                        MIP    time [calls] = 0.20 [1]
                        subMIP time [calls] = 0.04 [1]
                    0.00 (Postsolve)
                        MIP    time [calls] = 0.00 [1]
                        subMIP time [calls] = 0.00 [1]
  Max sub-MIP depth 2
  Nodes             99
  Repair LPs        0
  LP iterations     593
                    202 (strong br.)
                    30 (separation)
                    176 (heuristics)
Writing the solution to /workspace/scuc-campaign/cache-panel-v1/flugpl-s3-official/point.sol
