Running HiGHS 1.15.1 (git hash: d547a3ad8a): Copyright (c) 2026 under MIT licence terms
Includes third-party software components, see THIRD_PARTY_NOTICES.md for full details
Command line parsed using CLI11 2.5.0: Copyright (c) 2017-2025 University of Cincinnati
Set option parallel to "off"
Set option threads to 2
Set option time_limit to 60
Set option random_seed to 2
Set option write_solution_to_file to true
Set option solution_file to "/workspace/scuc-campaign/cache-panel-v2/lseu-s2-official/point.sol"
MIP lseu has 28 rows; 89 cols; 309 nonzeros; 89 integer variables (89 binary)
Coefficient ranges:
  Matrix  [1e+00, 5e+02]
  Cost    [6e+00, 5e+02]
  Bound   [1e+00, 1e+00]
  RHS     [1e+00, 3e+03]
Presolving model
28 rows, 89 cols, 309 nonzeros 0s
27 rows, 78 cols, 242 nonzeros 0s
Presolve reductions: rows 27(-1); columns 78(-11); nonzeros 242(-67) 
Objective function is integral with scale 1

Solving MIP model with:
   27 rows
   78 cols (73 binary, 5 integer, 0 implied int., 0 continuous, 0 domain fixed)
   242 nonzeros
   Thread count 2 (of 5 threads). Using 1 max workers. Parallel search off

Src: B => Branching; C => Central rounding; F => Feasibility pump; H => Heuristic;
     I => Shifting; J => Feasibility jump; L => Sub-MIP; P => Empty MIP; R => Randomized rounding;
     S => Solve LP; T => Evaluate node; U => Unbounded; X => User solution; Y => HiGHS solution;
     Z => ZI Round; l => Trivial lower; p => Trivial point; u => Trivial upper; z => Trivial zero

        Nodes      |    B&B Tree     |            Objective Bounds              |  Dynamic Constraints |       Work      
Src  Proc. InQueue |  Leaves   Expl. | BestBound       BestSol              Gap |   Cuts   InLp Confl. | LpIters     Time

 J       0       0         0   0.00%   -inf            1389               Large        0      0      0         0     0.0s
         0       0         0   0.00%   947.9572368     1389              31.75%        0      0      2        30     0.0s
 L       0       0         0   0.00%   1086.05273      1128               3.72%      785     29     30       157     0.1s
 L       0       0         0   0.00%   1089.23516      1120               2.75%      835     30     30       539     0.1s

43.6% inactive integer columns, restarting
Model after restart has 20 rows, 43 cols (42 bin., 1 int., 0 impl., 0 cont., 0 dom.fix.), and 127 nonzeros

         0       0         0   0.00%   1089.79072      1120               2.70%       11      0      0       604     0.1s
         0       0         0   0.00%   1090.0091       1120               2.68%       11     11      4       642     0.1s

7.0% inactive integer columns, restarting
Model after restart has 19 rows, 40 cols (39 bin., 1 int., 0 impl., 0 cont., 0 dom.fix.), and 119 nonzeros

         0       0         0   0.00%   1097.88324      1120               1.97%       16      0      0      1100     0.2s
         0       0         0   0.00%   1097.88324      1120               1.97%       16     16      5      1149     0.2s
        23       0        12 100.00%   1120            1120               0.00%      616     14    239      2859     0.3s

Solving report
  Model             lseu
  Status            Optimal
  Primal bound      1120
  Dual bound        1120
  Gap               0% (tolerance: 0.01%)
  P-D integral      0.0245495874807
  Solution status   feasible
                    1120 (objective)
  Timing            0.31
                    0.02 (Presolve)
                        MIP    time [calls] = 0.00 [1]
                        subMIP time [calls] = 0.01 [23]
                    0.30 (Solve)
                        MIP    time [calls] = 0.15 [1]
                        subMIP time [calls] = 0.14 [10]
                    0.00 (Postsolve)
                        MIP    time [calls] = 0.00 [1]
                        subMIP time [calls] = 0.00 [23]
  Max sub-MIP depth 6
  Nodes             23
  Repair LPs        0
  LP iterations     2859
                    1049 (strong br.)
                    323 (separation)
                    1130 (heuristics)
Writing the solution to /workspace/scuc-campaign/cache-panel-v2/lseu-s2-official/point.sol
