Running HiGHS 1.15.1 (git hash: d547a3ad8a): Copyright (c) 2026 under MIT licence terms
Includes third-party software components, see THIRD_PARTY_NOTICES.md for full details
readMPS: Trying to open file /workspace/scuc-native-source/check/instances/dcmulti.mps
readMPS: Read NAME    OK
readMPS: Read ROWS    OK
readMPS: Read COLUMNS OK
readMPS: Read RHS     OK
readMPS: Read BOUNDS  OK
MIP       : dcmulti
Rows      : 290
Cols      : 548
Nonzeros  : 1315
Integer   : 75 (75 binary)
Coefficient ranges:
  Matrix  [1e+00, 6e+02]
  Cost    [4e-01, 2e+03]
  Bound   [0e+00, 0e+00] (continuous)
  Bound   [1e+00, 1e+00] (non-continuous)
  RHS     [1e+00, 3e+02]
Scheduler initialized: 2 threads (physical cores: 5)
Permitted suppression of presolve rules via presolve_rule_off option:
 * Rule  0 (set bit  0 =       1): Empty row
 * Rule  1 (set bit  1 =       2): Singleton row
 * Rule  2 (set bit  2 =       4): Redundant row
 * Rule  3 (set bit  3 =       8): Empty column
 * Rule  4 (set bit  4 =      16): Fixed column
   Rule  6 (set bit  6 =      64): Forcing row
   Rule  7 (set bit  7 =     128): Forcing col
   Rule  8 (set bit  8 =     256): Free col substitution
   Rule  9 (set bit  9 =     512): Doubleton equation
   Rule 10 (set bit 10 =    1024): Dependent equations
   Rule 11 (set bit 11 =    2048): Dependent free columns
   Rule 12 (set bit 12 =    4096): Aggregator
   Rule 13 (set bit 13 =    8192): Parallel rows and columns
   Rule 14 (set bit 14 =   16384): Sparsify
   Rule 15 (set bit 15 =   32768): Probing
   Rule 16 (set bit 16 =   65536): Enumeration
   Rule 17 (set bit 17 =  131072): Dual fixing
   Rule 18 (set bit 18 =  262144): Zero cost singleton
   Rule 19 (set bit 19 =  524288): Col stuffing
   Rule 20 (set bit 20 = 1048576): Initial sweep
   Rule 21 (set bit 21 = 2097152): Fourier-Motzkin
   Rule 22 (set bit 22 = 4194304): Weakly dominated col
 * Only in initial sweep
Presolving model
290 rows, 548 cols, 1315 nonzeros 0s
Enumeration presolve: 0 deleted columns, 290 tightened bounds, 0 substitutions, 0 deleted rows, 0 lifted nonzeros
72 probing evaluations: 0 deleted rows, 0 deleted columns, 0 lifted nonzeros
224 rows, 500 cols, 1324 nonzeros 0s
Presolve reductions: rows 224(-66); columns 500(-48); nonzeros 1324(+9) 
MIP-Timing:      0.0082 - completed presolve
MIP-Timing:      0.0082 - starting  setup

Solving MIP model with:
   224 rows
   500 cols (72 binary, 0 integer, 0 implied int., 428 continuous, 0 domain fixed)
   1324 nonzeros
   Thread count 2 (of 5 threads). Using 1 max workers. Parallel search off
MIP-Timing:      0.0084 - completed setup
Feasibility Jump: starting solve. weightUpdateDecay=1, relaxContinuous=0  

Src: B => Branching; C => Central rounding; F => Feasibility pump; H => Heuristic;
     I => Shifting; J => Feasibility jump; L => Sub-MIP; P => Empty MIP; R => Randomized rounding;
     S => Solve LP; T => Evaluate node; U => Unbounded; X => User solution; Y => HiGHS solution;
     Z => ZI Round; l => Trivial lower; p => Trivial point; u => Trivial upper; z => Trivial zero

        Nodes      |    B&B Tree     |            Objective Bounds              |  Dynamic Constraints |       Work      
Src  Proc. InQueue |  Leaves   Expl. | BestBound       BestSol              Gap |   Cuts   InLp Confl. | LpIters     Time

 J       0       0         0   0.00%   -inf            280988.2           Large        0      0      0         0     0.0s
MIP-Timing:       0.014 - starting evaluate root node
MIP-Timing:       0.015 - starting analytic centre calculation
MIP-Timing:       0.015 - start first LP solve (without basis)
MIP-Timing:       0.027 - finish first LP solve
MIP-Timing:       0.027 - starting  separation
         0       0         0   0.00%   183975.539693   280988.2          34.53%        0      0      1       312     0.0s
MIP-Timing:       0.073 - starting  analytic centre synch
MIP-Timing:       0.073 - completed analytic centre synch
 C       0       0         0   0.00%   185409.930315   193222.7           4.04%      854     68     22       467     0.1s
MIP-Timing:        0.25 - completed separation
HighsProfiling::start SubMipSolve on thread  0 with submip = F

HighsPrimalHeuristics::solveSubMip Before run() for     MIP at depth  0 on thread  0
HighsPrimalHeuristics::solveSubMip After  run() for     MIP at depth  0 on thread  0

 L       0       0         0   0.00%   187078.010233   188182             0.59%     1822    163     22       770     0.5s
HighsProfiling::start SubMipSolve on thread  0 with submip = F

HighsPrimalHeuristics::solveSubMip Before run() for     MIP at depth  0 on thread  0

HighsPrimalHeuristics::solveSubMip Before run() for sub-MIP at depth  1 on thread  0

HighsPrimalHeuristics::solveSubMip Before run() for sub-MIP at depth  2 on thread  0
HighsPrimalHeuristics::solveSubMip After  run() for sub-MIP at depth  2 on thread  0


HighsPrimalHeuristics::solveSubMip Before run() for sub-MIP at depth  2 on thread  0

HighsPrimalHeuristics::solveSubMip Before run() for sub-MIP at depth  3 on thread  0
HighsPrimalHeuristics::solveSubMip After  run() for sub-MIP at depth  3 on thread  0


HighsPrimalHeuristics::solveSubMip Before run() for sub-MIP at depth  3 on thread  0
HighsPrimalHeuristics::solveSubMip After  run() for sub-MIP at depth  3 on thread  0


HighsPrimalHeuristics::solveSubMip Before run() for sub-MIP at depth  3 on thread  0
HighsPrimalHeuristics::solveSubMip After  run() for sub-MIP at depth  3 on thread  0

HighsPrimalHeuristics::solveSubMip After  run() for sub-MIP at depth  2 on thread  0

HighsPrimalHeuristics::solveSubMip After  run() for sub-MIP at depth  1 on thread  0


HighsPrimalHeuristics::solveSubMip Before run() for sub-MIP at depth  1 on thread  0

HighsPrimalHeuristics::solveSubMip Before run() for sub-MIP at depth  2 on thread  0
HighsPrimalHeuristics::solveSubMip After  run() for sub-MIP at depth  2 on thread  0

HighsPrimalHeuristics::solveSubMip After  run() for sub-MIP at depth  1 on thread  0

HighsPrimalHeuristics::solveSubMip After  run() for     MIP at depth  0 on thread  0

MIP-Timing:         1.3 - completed evaluate root node
HighsProfiling::start SubMipSolve on thread  0 with submip = F

HighsPrimalHeuristics::solveSubMip Before run() for     MIP at depth  0 on thread  0

HighsPrimalHeuristics::solveSubMip Before run() for sub-MIP at depth  1 on thread  0

HighsPrimalHeuristics::solveSubMip Before run() for sub-MIP at depth  2 on thread  0

HighsPrimalHeuristics::solveSubMip Before run() for sub-MIP at depth  3 on thread  0
HighsPrimalHeuristics::solveSubMip After  run() for sub-MIP at depth  3 on thread  0

HighsPrimalHeuristics::solveSubMip After  run() for sub-MIP at depth  2 on thread  0


HighsPrimalHeuristics::solveSubMip Before run() for sub-MIP at depth  2 on thread  0

HighsPrimalHeuristics::solveSubMip Before run() for sub-MIP at depth  3 on thread  0
HighsPrimalHeuristics::solveSubMip After  run() for sub-MIP at depth  3 on thread  0

HighsPrimalHeuristics::solveSubMip After  run() for sub-MIP at depth  2 on thread  0

HighsPrimalHeuristics::solveSubMip After  run() for sub-MIP at depth  1 on thread  0


HighsPrimalHeuristics::solveSubMip Before run() for sub-MIP at depth  1 on thread  0

HighsPrimalHeuristics::solveSubMip Before run() for sub-MIP at depth  2 on thread  0

HighsPrimalHeuristics::solveSubMip Before run() for sub-MIP at depth  3 on thread  0
HighsPrimalHeuristics::solveSubMip After  run() for sub-MIP at depth  3 on thread  0


HighsPrimalHeuristics::solveSubMip Before run() for sub-MIP at depth  3 on thread  0
HighsPrimalHeuristics::solveSubMip After  run() for sub-MIP at depth  3 on thread  0

HighsPrimalHeuristics::solveSubMip After  run() for sub-MIP at depth  2 on thread  0

HighsPrimalHeuristics::solveSubMip After  run() for sub-MIP at depth  1 on thread  0

HighsPrimalHeuristics::solveSubMip After  run() for     MIP at depth  0 on thread  0

added 74 global bound changes
         3       0         0 100.00%   188163.677836   188182             0.01%     1858    114     40      8122     2.2s

Solving report
  Model             dcmulti
  Status            Optimal
  Primal bound      188182
  Dual bound        188163.677836
  Gap               0.00974% (tolerance: 0.01%)
  P-D integral      0.0547836979789
  Solution status   feasible
                    188182 (objective)
                    8.881784197e-16 (integrality violation)
  Timing            2.21
                    0.10 (Presolve)
                        MIP    time [calls] = 0.01 [1]
                        subMIP time [calls] = 0.09 [20]
                    2.11 (Solve)
                        MIP    time [calls] = 0.40 [1]
                        subMIP time [calls] = 1.71 [20]
                    0.00 (Postsolve)
                        MIP    time [calls] = 0.00 [1]
                        subMIP time [calls] = 0.00 [20]
  Max sub-MIP depth 8
  Nodes             3
  Repair LPs        0
  LP iterations     8122
                    1411 (strong br.)
                    478 (separation)
                    5703 (heuristics)
getKktFailures:: cost norm =  1.8e+03; bound norm =      230
getKktFailures:                      LP  (abs / rel)         Col (abs / rel)         Row (abs / rel)
getKktFailures: primal infeasibility 4.97e-14 / 2.15e-16            0 /        0     4.97e-14 / 2.15e-16
