[1/227] Building CXX object highs/CMakeFiles/highs.dir/io/Filereader.cpp.o
[2/227] Building CXX object highs/CMakeFiles/highs.dir/interfaces/highs_c_api.cpp.o
[3/227] Building CXX object highs/CMakeFiles/highs.dir/io/FilereaderLp.cpp.o
[4/227] Building CXX object highs/CMakeFiles/highs.dir/io/FilereaderMps.cpp.o
[5/227] Building CXX object highs/CMakeFiles/highs.dir/io/HighsIO.cpp.o
[6/227] Building CXX object highs/CMakeFiles/highs.dir/io/HMPSIO.cpp.o
[7/227] Building CXX object highs/CMakeFiles/highs.dir/io/HMpsFF.cpp.o
[8/227] Building CXX object highs/CMakeFiles/highs.dir/io/LoadOptions.cpp.o
[9/227] Building CXX object highs/CMakeFiles/highs.dir/io/filereaderlp/reader.cpp.o
[10/227] Building CXX object highs/CMakeFiles/highs.dir/ipm/IpxWrapper.cpp.o
[11/227] Building CXX object highs/CMakeFiles/highs.dir/lp_data/HighsCallback.cpp.o
[12/227] Building CXX object highs/CMakeFiles/highs.dir/lp_data/HighsDebug.cpp.o
[13/227] Building CXX object highs/CMakeFiles/highs.dir/lp_data/Highs.cpp.o
[14/227] Building CXX object highs/CMakeFiles/highs.dir/lp_data/HighsIis.cpp.o
[15/227] Building CXX object highs/CMakeFiles/highs.dir/lp_data/HighsInfo.cpp.o
[16/227] Building CXX object highs/CMakeFiles/highs.dir/lp_data/HighsInfoDebug.cpp.o
[17/227] Building CXX object highs/CMakeFiles/highs.dir/lp_data/HighsDeprecated.cpp.o
[18/227] Building CXX object highs/CMakeFiles/highs.dir/lp_data/HighsLp.cpp.o
[19/227] Building CXX object highs/CMakeFiles/highs.dir/lp_data/HighsLpUtils.cpp.o
[20/227] Building CXX object highs/CMakeFiles/highs.dir/lp_data/HighsInterface.cpp.o
[21/227] Building CXX object highs/CMakeFiles/highs.dir/lp_data/HighsOptions.cpp.o
[22/227] Building CXX object highs/CMakeFiles/highs.dir/lp_data/HighsModelUtils.cpp.o
[23/227] Building CXX object highs/CMakeFiles/highs.dir/lp_data/HighsRunData.cpp.o
[24/227] Building CXX object highs/CMakeFiles/highs.dir/lp_data/HighsRanging.cpp.o
[25/227] Building CXX object highs/CMakeFiles/highs.dir/lp_data/HighsSolutionDebug.cpp.o
[26/227] Building CXX object highs/CMakeFiles/highs.dir/lp_data/HighsSolution.cpp.o
[27/227] Building CXX object highs/CMakeFiles/highs.dir/lp_data/HighsStatus.cpp.o
[28/227] Building CXX object highs/CMakeFiles/highs.dir/lp_data/HighsSolve.cpp.o
[29/227] Building CXX object highs/CMakeFiles/highs.dir/mip/HighsCliqueTable.cpp.o
[30/227] Building CXX object highs/CMakeFiles/highs.dir/mip/HighsConflictPool.cpp.o
[31/227] Building CXX object highs/CMakeFiles/highs.dir/mip/HighsCutGeneration.cpp.o
[32/227] Building CXX object highs/CMakeFiles/highs.dir/mip/HighsCutPool.cpp.o
[33/227] Building CXX object highs/CMakeFiles/highs.dir/mip/HighsDebugSol.cpp.o
[34/227] Building CXX object highs/CMakeFiles/highs.dir/mip/HighsDynamicRowMatrix.cpp.o
[35/227] Building CXX object highs/CMakeFiles/highs.dir/mip/HighsDomain.cpp.o
[36/227] Building CXX object highs/CMakeFiles/highs.dir/mip/HighsGFkSolve.cpp.o
[37/227] Building CXX object highs/CMakeFiles/highs.dir/mip/HighsFeasibilityJump.cpp.o
[38/227] Building CXX object highs/CMakeFiles/highs.dir/mip/HighsLpAggregator.cpp.o
[39/227] Building CXX object highs/CMakeFiles/highs.dir/mip/HighsImplications.cpp.o
[40/227] Building CXX object highs/CMakeFiles/highs.dir/mip/HighsLpRelaxation.cpp.o
[41/227] Building CXX object highs/CMakeFiles/highs.dir/mip/HighsMachineSchedSeparator.cpp.o
[42/227] Building CXX object highs/CMakeFiles/highs.dir/mip/HighsMipSolver.cpp.o
[43/227] Building CXX object highs/CMakeFiles/highs.dir/mip/HighsMipSolverData.cpp.o
[44/227] Building CXX object highs/CMakeFiles/highs.dir/mip/HighsMipWorker.cpp.o
[45/227] Building CXX object highs/CMakeFiles/highs.dir/mip/HighsModkSeparator.cpp.o
[46/227] Building CXX object highs/CMakeFiles/highs.dir/mip/HighsNodeQueue.cpp.o
[47/227] Building CXX object highs/CMakeFiles/highs.dir/mip/HighsObjectiveFunction.cpp.o
[48/227] Building CXX object highs/CMakeFiles/highs.dir/mip/HighsPathSeparator.cpp.o
[49/227] Building CXX object highs/CMakeFiles/highs.dir/mip/HighsPseudocost.cpp.o
[50/227] Building CXX object highs/CMakeFiles/highs.dir/mip/HighsPrimalHeuristics.cpp.o
[51/227] Building CXX object highs/CMakeFiles/highs.dir/mip/HighsRedcostFixing.cpp.o
[52/227] Building CXX object highs/CMakeFiles/highs.dir/mip/HighsSearch.cpp.o
[53/227] Building CXX object highs/CMakeFiles/highs.dir/mip/HighsSeparation.cpp.o
[54/227] Building CXX object highs/CMakeFiles/highs.dir/mip/HighsSeparator.cpp.o
[55/227] Building CXX object highs/CMakeFiles/highs.dir/mip/HighsTableauSeparator.cpp.o
[56/227] Building CXX object highs/CMakeFiles/highs.dir/model/HighsHessian.cpp.o
[57/227] Building CXX object highs/CMakeFiles/highs.dir/mip/HighsTransformedLp.cpp.o
[58/227] Building CXX object highs/CMakeFiles/highs.dir/model/HighsHessianUtils.cpp.o
[59/227] Building CXX object highs/CMakeFiles/highs.dir/model/HighsModel.cpp.o
[60/227] Building CXX object highs/CMakeFiles/highs.dir/pdlp/CupdlpWrapper.cpp.o
[61/227] Building CXX object highs/CMakeFiles/highs.dir/parallel/HighsTaskExecutor.cpp.o
[62/227] Building CXX object highs/CMakeFiles/highs.dir/pdlp/hipdlp/linalg.cc.o
[63/227] Building CXX object highs/CMakeFiles/highs.dir/pdlp/HiPdlpWrapper.cpp.o
[64/227] Building CXX object highs/CMakeFiles/highs.dir/pdlp/hipdlp/logger.cc.o
[65/227] Building CXX object highs/CMakeFiles/highs.dir/pdlp/hipdlp/pdhg.cc.o
[66/227] Building CXX object highs/CMakeFiles/highs.dir/pdlp/hipdlp/restart.cc.o
[67/227] Building CXX object highs/CMakeFiles/highs.dir/pdlp/hipdlp/scaling.cc.o
[68/227] Building CXX object highs/CMakeFiles/highs.dir/presolve/HighsPostsolveStack.cpp.o
[69/227] Building CXX object highs/CMakeFiles/highs.dir/presolve/HighsSymmetry.cpp.o
[70/227] Building CXX object highs/CMakeFiles/highs.dir/presolve/HPresolveAnalysis.cpp.o
[71/227] Building CXX object highs/CMakeFiles/highs.dir/presolve/HPresolveCliqueTable.cpp.o
[72/227] Building CXX object highs/CMakeFiles/highs.dir/presolve/HPresolveInitialSweep.cpp.o
[73/227] Building CXX object highs/CMakeFiles/highs.dir/presolve/HPresolveUtils.cpp.o
[74/227] Building CXX object highs/CMakeFiles/highs.dir/presolve/HPresolveTest.cpp.o
[75/227] Building CXX object highs/CMakeFiles/highs.dir/presolve/ICrash.cpp.o
[76/227] Building CXX object highs/CMakeFiles/highs.dir/presolve/ICrashUtil.cpp.o
[77/227] Building CXX object highs/CMakeFiles/highs.dir/presolve/HPresolve.cpp.o
[78/227] Building CXX object highs/CMakeFiles/highs.dir/presolve/ICrashX.cpp.o
[79/227] Building CXX object highs/CMakeFiles/highs.dir/presolve/PresolveComponent.cpp.o
[80/227] Building CXX object highs/CMakeFiles/highs.dir/qpsolver/a_asm.cpp.o
[81/227] Building CXX object highs/CMakeFiles/highs.dir/qpsolver/basis.cpp.o
[82/227] Building CXX object highs/CMakeFiles/highs.dir/qpsolver/a_quass.cpp.o
[83/227] Building CXX object highs/CMakeFiles/highs.dir/qpsolver/QpAsmWrapper.cpp.o
[84/227] Building CXX object highs/CMakeFiles/highs.dir/qpsolver/quass.cpp.o
[85/227] Building CXX object highs/CMakeFiles/highs.dir/qpsolver/ratiotest.cpp.o
[86/227] Building CXX object highs/CMakeFiles/highs.dir/qpsolver/scaling.cpp.o
[87/227] Building CXX object highs/CMakeFiles/highs.dir/simplex/HEkkControl.cpp.o
[88/227] Building CXX object highs/CMakeFiles/highs.dir/simplex/HEkkDebug.cpp.o
[89/227] Building CXX object highs/CMakeFiles/highs.dir/simplex/HEkk.cpp.o
[90/227] Building CXX object highs/CMakeFiles/highs.dir/simplex/HEkkDualMulti.cpp.o
[91/227] Building CXX object highs/CMakeFiles/highs.dir/simplex/HEkkDual.cpp.o
[92/227] Building CXX object highs/CMakeFiles/highs.dir/simplex/HEkkDualRHS.cpp.o
[93/227] Building CXX object highs/CMakeFiles/highs.dir/simplex/HEkkDualRow.cpp.o
[94/227] Building CXX object highs/CMakeFiles/highs.dir/simplex/HEkkInterface.cpp.o
[95/227] Building CXX object highs/CMakeFiles/highs.dir/simplex/HEkkPrimal.cpp.o
[96/227] Building CXX object highs/CMakeFiles/highs.dir/simplex/HSimplex.cpp.o
[97/227] Building CXX object highs/CMakeFiles/highs.dir/simplex/HighsSimplexAnalysis.cpp.o
[98/227] Building CXX object highs/CMakeFiles/highs.dir/simplex/HSimplexDebug.cpp.o
[99/227] Building CXX object highs/CMakeFiles/highs.dir/simplex/HSimplexNlaDebug.cpp.o
[100/227] Building CXX object highs/CMakeFiles/highs.dir/simplex/HSimplexNlaFreeze.cpp.o
[101/227] Building CXX object highs/CMakeFiles/highs.dir/simplex/HSimplexNla.cpp.o
[102/227] Building CXX object highs/CMakeFiles/highs.dir/simplex/HSimplexNlaProductForm.cpp.o
[103/227] Building CXX object highs/CMakeFiles/highs.dir/simplex/HSimplexReport.cpp.o
[104/227] Building CXX object highs/CMakeFiles/highs.dir/util/HFactorDebug.cpp.o
[105/227] Building CXX object highs/CMakeFiles/highs.dir/util/HFactor.cpp.o
[106/227] Building CXX object highs/CMakeFiles/highs.dir/util/HFactorExtend.cpp.o
[107/227] Building CXX object highs/CMakeFiles/highs.dir/util/HFactorRefactor.cpp.o
[108/227] Building CXX object highs/CMakeFiles/highs.dir/util/HFactorUtils.cpp.o
[109/227] Building CXX object highs/CMakeFiles/highs.dir/util/HighsDynamicLibrary.cpp.o
[110/227] Building CXX object highs/CMakeFiles/highs.dir/util/HighsLinearSumBounds.cpp.o
[111/227] Building CXX object highs/CMakeFiles/highs.dir/util/HighsHash.cpp.o
[112/227] Building CXX object highs/CMakeFiles/highs.dir/util/HighsMatrixPic.cpp.o
[113/227] Building CXX object highs/CMakeFiles/highs.dir/util/HighsMatrixUtils.cpp.o
[114/227] Building CXX object highs/CMakeFiles/highs.dir/util/HighsSort.cpp.o
[115/227] Building CXX object highs/CMakeFiles/highs.dir/util/HighsSparseMatrix.cpp.o
[116/227] Building CXX object highs/CMakeFiles/highs.dir/util/HighsUtils.cpp.o
[117/227] Building CXX object highs/CMakeFiles/highs.dir/util/HSet.cpp.o
[118/227] Building CXX object highs/CMakeFiles/highs.dir/util/stringutil.cpp.o
[119/227] Building CXX object highs/CMakeFiles/highs.dir/util/HVectorBase.cpp.o
[120/227] Building CXX object highs/CMakeFiles/highs.dir/HighsExternalDeps.cpp.o
[121/227] Building C object highs/CMakeFiles/highs.dir/pdlp/cupdlp/cupdlp_cs.c.o
[122/227] Building C object highs/CMakeFiles/highs.dir/pdlp/cupdlp/cupdlp_linalg.c.o
[123/227] Building C object highs/CMakeFiles/highs.dir/pdlp/cupdlp/cupdlp_proj.c.o
[124/227] Building C object highs/CMakeFiles/highs.dir/pdlp/cupdlp/cupdlp_restart.c.o
[125/227] Building CXX object highs/CMakeFiles/highs.dir/HighsExternalApi.cpp.o
[126/227] Building C object highs/CMakeFiles/highs.dir/pdlp/cupdlp/cupdlp_scaling.c.o
[127/227] Building C object highs/CMakeFiles/highs.dir/pdlp/cupdlp/cupdlp_step.c.o
[128/227] Building C object highs/CMakeFiles/highs.dir/pdlp/cupdlp/cupdlp_solver.c.o
[129/227] Building C object highs/CMakeFiles/highs.dir/pdlp/cupdlp/cupdlp_utils.c.o
[130/227] Building CXX object highs/CMakeFiles/highs.dir/ipm/ipx/basiclu_kernel.cc.o
[131/227] Building CXX object highs/CMakeFiles/highs.dir/ipm/ipx/basiclu_wrapper.cc.o
[132/227] Building CXX object highs/CMakeFiles/highs.dir/ipm/ipx/conjugate_residuals.cc.o
[133/227] Building CXX object highs/CMakeFiles/highs.dir/ipm/ipx/basis.cc.o
[134/227] Building CXX object highs/CMakeFiles/highs.dir/ipm/ipx/crossover.cc.o
[135/227] Building CXX object highs/CMakeFiles/highs.dir/ipm/ipx/diagonal_precond.cc.o
[136/227] Building CXX object highs/CMakeFiles/highs.dir/ipm/ipx/control.cc.o
[137/227] Building CXX object highs/CMakeFiles/highs.dir/ipm/ipx/guess_basis.cc.o
[138/227] Building CXX object highs/CMakeFiles/highs.dir/ipm/ipx/forrest_tomlin.cc.o
[139/227] Building CXX object highs/CMakeFiles/highs.dir/ipm/ipx/indexed_vector.cc.o
[140/227] Building CXX object highs/CMakeFiles/highs.dir/ipm/ipx/info.cc.o
[141/227] Building CXX object highs/CMakeFiles/highs.dir/ipm/ipx/ipm.cc.o
[142/227] Building CXX object highs/CMakeFiles/highs.dir/ipm/ipx/ipx_c.cc.o
[143/227] Building CXX object highs/CMakeFiles/highs.dir/ipm/ipx/iterate.cc.o
[144/227] Building CXX object highs/CMakeFiles/highs.dir/ipm/ipx/kkt_solver_basis.cc.o
[145/227] Building CXX object highs/CMakeFiles/highs.dir/ipm/ipx/kkt_solver.cc.o
[146/227] Building CXX object highs/CMakeFiles/highs.dir/ipm/ipx/kkt_solver_diag.cc.o
[147/227] Building CXX object highs/CMakeFiles/highs.dir/ipm/ipx/linear_operator.cc.o
[148/227] Building CXX object highs/CMakeFiles/highs.dir/ipm/ipx/lp_solver.cc.o
[149/227] Building CXX object highs/CMakeFiles/highs.dir/ipm/ipx/lu_factorization.cc.o
[150/227] Building CXX object highs/CMakeFiles/highs.dir/ipm/ipx/lu_update.cc.o
[151/227] Building CXX object highs/CMakeFiles/highs.dir/ipm/ipx/maxvolume.cc.o
[152/227] Building CXX object highs/CMakeFiles/highs.dir/ipm/ipx/model.cc.o
[153/227] Building CXX object highs/CMakeFiles/highs.dir/ipm/ipx/normal_matrix.cc.o
[154/227] Building CXX object highs/CMakeFiles/highs.dir/ipm/ipx/sparse_utils.cc.o
[155/227] Building CXX object highs/CMakeFiles/highs.dir/ipm/ipx/sparse_matrix.cc.o
[156/227] Building CXX object highs/CMakeFiles/highs.dir/ipm/ipx/splitted_normal_matrix.cc.o
[157/227] Building CXX object highs/CMakeFiles/highs.dir/ipm/ipx/starting_basis.cc.o
[158/227] Building CXX object highs/CMakeFiles/highs.dir/ipm/ipx/timer.cc.o
[159/227] Building CXX object highs/CMakeFiles/highs.dir/ipm/ipx/symbolic_invert.cc.o
[160/227] Building C object highs/CMakeFiles/highs.dir/ipm/basiclu/basiclu_factorize.c.o
[161/227] Building CXX object highs/CMakeFiles/highs.dir/ipm/ipx/utils.cc.o
[162/227] Building C object highs/CMakeFiles/highs.dir/ipm/basiclu/basiclu_get_factors.c.o
[163/227] Building C object highs/CMakeFiles/highs.dir/ipm/basiclu/basiclu_initialize.c.o
[164/227] Building C object highs/CMakeFiles/highs.dir/ipm/basiclu/basiclu_solve_dense.c.o
[165/227] Building C object highs/CMakeFiles/highs.dir/ipm/basiclu/basiclu_object.c.o
[166/227] Building C object highs/CMakeFiles/highs.dir/ipm/basiclu/basiclu_solve_for_update.c.o
[167/227] Building C object highs/CMakeFiles/highs.dir/ipm/basiclu/basiclu_solve_sparse.c.o
[168/227] Building C object highs/CMakeFiles/highs.dir/ipm/basiclu/basiclu_update.c.o
[169/227] Building C object highs/CMakeFiles/highs.dir/ipm/basiclu/lu_build_factors.c.o
[170/227] Building C object highs/CMakeFiles/highs.dir/ipm/basiclu/lu_condest.c.o
[171/227] Building C object highs/CMakeFiles/highs.dir/ipm/basiclu/lu_dfs.c.o
[172/227] Building C object highs/CMakeFiles/highs.dir/ipm/basiclu/lu_factorize_bump.c.o
[173/227] Building C object highs/CMakeFiles/highs.dir/ipm/basiclu/lu_file.c.o
[174/227] Building C object highs/CMakeFiles/highs.dir/ipm/basiclu/lu_garbage_perm.c.o
[175/227] Building C object highs/CMakeFiles/highs.dir/ipm/basiclu/lu_initialize.c.o
[176/227] Building C object highs/CMakeFiles/highs.dir/ipm/basiclu/lu_internal.c.o
[177/227] Building C object highs/CMakeFiles/highs.dir/ipm/basiclu/lu_markowitz.c.o
[178/227] Building C object highs/CMakeFiles/highs.dir/ipm/basiclu/lu_matrix_norm.c.o
[179/227] Building C object highs/CMakeFiles/highs.dir/ipm/basiclu/lu_residual_test.c.o
[180/227] Building C object highs/CMakeFiles/highs.dir/ipm/basiclu/lu_pivot.c.o
[181/227] Building C object highs/CMakeFiles/highs.dir/ipm/basiclu/lu_setup_bump.c.o
[182/227] Building C object highs/CMakeFiles/highs.dir/ipm/basiclu/lu_singletons.c.o
[183/227] Building C object highs/CMakeFiles/highs.dir/ipm/basiclu/lu_solve_dense.c.o
[184/227] Building C object highs/CMakeFiles/highs.dir/ipm/basiclu/lu_solve_for_update.c.o
[185/227] Building C object highs/CMakeFiles/highs.dir/ipm/basiclu/lu_solve_sparse.c.o
[186/227] Building C object highs/CMakeFiles/highs.dir/ipm/basiclu/lu_solve_symbolic.c.o
[187/227] Building C object highs/CMakeFiles/highs.dir/ipm/basiclu/lu_solve_triangular.c.o
[188/227] Building C object highs/CMakeFiles/highs.dir/ipm/basiclu/lu_update.c.o
[189/227] Building CXX object highs/CMakeFiles/highs.dir/ipm/hipo/ipm/IpmData.cpp.o
[190/227] Building CXX object highs/CMakeFiles/highs.dir/ipm/hipo/ipm/Control.cpp.o
[191/227] Building CXX object highs/CMakeFiles/highs.dir/ipm/hipo/ipm/FactorHighsSolver.cpp.o
[192/227] Building CXX object highs/CMakeFiles/highs.dir/ipm/hipo/ipm/Iterate.cpp.o
[193/227] Building CXX object highs/CMakeFiles/highs.dir/ipm/hipo/ipm/KktMatrix.cpp.o
[194/227] Building CXX object highs/CMakeFiles/highs.dir/ipm/hipo/ipm/PreProcess.cpp.o
[195/227] Building CXX object highs/CMakeFiles/highs.dir/ipm/hipo/ipm/Model.cpp.o
[196/227] Building CXX object highs/CMakeFiles/highs.dir/ipm/hipo/ipm/Refine.cpp.o
[197/227] Building CXX object highs/CMakeFiles/highs.dir/ipm/hipo/ipm/Solver.cpp.o
[198/227] Building CXX object highs/CMakeFiles/highs.dir/ipm/hipo/ipm/UpLookingSolver.cpp.o
[199/227] Building CXX object highs/CMakeFiles/highs.dir/ipm/hipo/factorhighs/CallAndTimeBlas.cpp.o
[200/227] Building CXX object highs/CMakeFiles/highs.dir/ipm/hipo/factorhighs/CliqueStack.cpp.o
[201/227] Building CXX object highs/CMakeFiles/highs.dir/ipm/hipo/factorhighs/Analyse.cpp.o
[202/227] Building CXX object highs/CMakeFiles/highs.dir/ipm/hipo/factorhighs/DataCollector.cpp.o
[203/227] Building CXX object highs/CMakeFiles/highs.dir/ipm/hipo/factorhighs/DenseFactHybrid.cpp.o
[204/227] Building CXX object highs/CMakeFiles/highs.dir/ipm/hipo/factorhighs/DenseFactKernel.cpp.o
[205/227] Building CXX object highs/CMakeFiles/highs.dir/ipm/hipo/factorhighs/DgemmParallel.cpp.o
[206/227] Building CXX object highs/CMakeFiles/highs.dir/ipm/hipo/factorhighs/FactorHighs_c_api.cpp.o
[207/227] Building CXX object highs/CMakeFiles/highs.dir/ipm/hipo/factorhighs/FactorHighs.cpp.o
[208/227] Building CXX object highs/CMakeFiles/highs.dir/ipm/hipo/factorhighs/Factorise.cpp.o
[209/227] Building CXX object highs/CMakeFiles/highs.dir/ipm/hipo/factorhighs/FormatHandler.cpp.o
[210/227] Building CXX object highs/CMakeFiles/highs.dir/ipm/hipo/factorhighs/HybridHybridFormatHandler.cpp.o
[211/227] Building CXX object highs/CMakeFiles/highs.dir/ipm/hipo/factorhighs/KrylovMethodsIpm.cpp.o
[212/227] Building CXX object highs/CMakeFiles/highs.dir/ipm/hipo/factorhighs/HybridSolveHandler.cpp.o
[213/227] Building CXX object highs/CMakeFiles/highs.dir/ipm/hipo/factorhighs/SolveHandler.cpp.o
[214/227] Building CXX object highs/CMakeFiles/highs.dir/ipm/hipo/factorhighs/Numeric.cpp.o
[215/227] Building CXX object highs/CMakeFiles/highs.dir/ipm/hipo/factorhighs/Swaps.cpp.o
[216/227] Building CXX object highs/CMakeFiles/highs.dir/ipm/hipo/factorhighs/Symbolic.cpp.o
[217/227] Building CXX object highs/CMakeFiles/highs.dir/ipm/hipo/auxiliary/KrylovMethods.cpp.o
[218/227] Building CXX object highs/CMakeFiles/highs.dir/ipm/hipo/auxiliary/Auxiliary.cpp.o
[219/227] Building CXX object highs/CMakeFiles/highs.dir/ipm/hipo/auxiliary/Logger.cpp.o
[220/227] Building CXX object highs/CMakeFiles/highs.dir/ipm/hipo/auxiliary/VectorOperations.cpp.o
[221/227] Building CXX object app/CMakeFiles/highs-bin.dir/RunHighs.cpp.o
[222/227] Building CXX object extern/CMakeFiles/highs_extras.dir/HighsExtrasApi.cpp.o
[223/227] Building CXX object extern/CMakeFiles/highs_extras.dir/HighsExtrasExternalDeps.cpp.o
[224/227] Linking CXX shared library lib/libhighs_extras.so
[225/227] Linking CXX shared library lib/libhighs.so.1.15.1
[226/227] Creating library symlink lib/libhighs.so.1 lib/libhighs.so
[227/227] Linking CXX executable bin/highs
