Running HiGHS 1.15.1 (git hash: d547a3ad8a): Copyright (c) 2026 under MIT licence terms
Includes third-party software components, see THIRD_PARTY_NOTICES.md for full details
Command line parsed using CLI11 2.5.0: Copyright (c) 2017-2025 University of Cincinnati
Set option parallel to "off"
Set option threads to 2
Set option time_limit to 60
Set option random_seed to 1
Set option write_solution_to_file to true
Set option solution_file to "/workspace/scuc-campaign/profile/dcmulti-s1-profile1.sol"
readMPS: Trying to open file /workspace/scuc-native-source/check/instances/dcmulti.mps
readMPS: Read NAME    OK
readMPS: Read ROWS    OK
readMPS: Read COLUMNS OK
readMPS: Read RHS     OK
readMPS: Read BOUNDS  OK
MIP       : dcmulti
Rows      : 290
Cols      : 548
Nonzeros  : 1315
Integer   : 75 (75 binary)
Coefficient ranges:
  Matrix  [1e+00, 6e+02]
  Cost    [4e-01, 2e+03]
  Bound   [0e+00, 0e+00] (continuous)
  Bound   [1e+00, 1e+00] (non-continuous)
  RHS     [1e+00, 3e+02]
Scheduler initialized: 2 threads (physical cores: 5)
Permitted suppression of presolve rules via presolve_rule_off option:
 * Rule  0 (set bit  0 =       1): Empty row
 * Rule  1 (set bit  1 =       2): Singleton row
 * Rule  2 (set bit  2 =       4): Redundant row
 * Rule  3 (set bit  3 =       8): Empty column
 * Rule  4 (set bit  4 =      16): Fixed column
   Rule  6 (set bit  6 =      64): Forcing row
   Rule  7 (set bit  7 =     128): Forcing col
   Rule  8 (set bit  8 =     256): Free col substitution
   Rule  9 (set bit  9 =     512): Doubleton equation
   Rule 10 (set bit 10 =    1024): Dependent equations
   Rule 11 (set bit 11 =    2048): Dependent free columns
   Rule 12 (set bit 12 =    4096): Aggregator
   Rule 13 (set bit 13 =    8192): Parallel rows and columns
   Rule 14 (set bit 14 =   16384): Sparsify
   Rule 15 (set bit 15 =   32768): Probing
   Rule 16 (set bit 16 =   65536): Enumeration
   Rule 17 (set bit 17 =  131072): Dual fixing
   Rule 18 (set bit 18 =  262144): Zero cost singleton
   Rule 19 (set bit 19 =  524288): Col stuffing
   Rule 20 (set bit 20 = 1048576): Initial sweep
   Rule 21 (set bit 21 = 2097152): Fourier-Motzkin
   Rule 22 (set bit 22 = 4194304): Weakly dominated col
 * Only in initial sweep
Presolving model
290 rows, 548 cols, 1315 nonzeros 0s
Enumeration presolve: 0 deleted columns, 290 tightened bounds, 0 substitutions, 0 deleted rows, 0 lifted nonzeros
72 probing evaluations: 0 deleted rows, 0 deleted columns, 0 lifted nonzeros
224 rows, 500 cols, 1324 nonzeros 0s
Presolve reductions: rows 224(-66); columns 500(-48); nonzeros 1324(+9) 
MIP-Timing:      0.0055 - completed presolve
MIP-Timing:      0.0055 - starting  setup

Solving MIP model with:
   224 rows
   500 cols (72 binary, 0 integer, 0 implied int., 428 continuous, 0 domain fixed)
   1324 nonzeros
   Thread count 2 (of 5 threads). Using 1 max workers. Parallel search off
MIP-Timing:      0.0057 - completed setup
Feasibility Jump: starting solve. weightUpdateDecay=1, relaxContinuous=0  
MIP-Timing:       0.014 - starting evaluate root node
MIP-Timing:       0.014 - starting analytic centre calculation

Src: B => Branching; C => Central rounding; F => Feasibility pump; H => Heuristic;
     I => Shifting; J => Feasibility jump; L => Sub-MIP; P => Empty MIP; R => Randomized rounding;
     S => Solve LP; T => Evaluate node; U => Unbounded; X => User solution; Y => HiGHS solution;
     Z => ZI Round; l => Trivial lower; p => Trivial point; u => Trivial upper; z => Trivial zero

        Nodes      |    B&B Tree     |            Objective Bounds              |  Dynamic Constraints |       Work      
Src  Proc. InQueue |  Leaves   Expl. | BestBound       BestSol              Gap |   Cuts   InLp Confl. | LpIters     Time

         0       0         0   0.00%   -6800           inf                  inf        0      0      0         0     0.0s
MIP-Timing:       0.014 - start first LP solve (without basis)
MIP-Timing:       0.019 - finish first LP solve
MIP-Timing:       0.019 - starting  separation
         0       0         0   0.00%   183975.539693   inf                  inf        0      0      2       320     0.0s
MIP-Timing:       0.072 - starting  analytic centre synch
MIP-Timing:       0.072 - completed analytic centre synch
 C       0       0         0   0.00%   185417.344502   193222.7           4.04%      887     73     27       472     0.1s
MIP-Timing:        0.24 - completed separation
HighsProfiling::start SubMipSolve on thread  0 with submip = F

HighsPrimalHeuristics::solveSubMip Before run() for     MIP at depth  0 on thread  0
HighsPrimalHeuristics::solveSubMip After  run() for     MIP at depth  0 on thread  0

 L       0       0         0   0.00%   187443.628718   188182             0.39%     2067    161     27       778     0.4s
HighsProfiling::start SubMipSolve on thread  0 with submip = F

HighsPrimalHeuristics::solveSubMip Before run() for     MIP at depth  0 on thread  0

HighsPrimalHeuristics::solveSubMip Before run() for sub-MIP at depth  1 on thread  0

HighsPrimalHeuristics::solveSubMip Before run() for sub-MIP at depth  2 on thread  0

HighsPrimalHeuristics::solveSubMip Before run() for sub-MIP at depth  3 on thread  0
HighsPrimalHeuristics::solveSubMip After  run() for sub-MIP at depth  3 on thread  0


HighsPrimalHeuristics::solveSubMip Before run() for sub-MIP at depth  3 on thread  0
HighsPrimalHeuristics::solveSubMip After  run() for sub-MIP at depth  3 on thread  0

HighsPrimalHeuristics::solveSubMip After  run() for sub-MIP at depth  2 on thread  0


HighsPrimalHeuristics::solveSubMip Before run() for sub-MIP at depth  2 on thread  0
HighsPrimalHeuristics::solveSubMip After  run() for sub-MIP at depth  2 on thread  0


HighsPrimalHeuristics::solveSubMip Before run() for sub-MIP at depth  2 on thread  0

HighsPrimalHeuristics::solveSubMip Before run() for sub-MIP at depth  3 on thread  0
HighsPrimalHeuristics::solveSubMip After  run() for sub-MIP at depth  3 on thread  0


HighsPrimalHeuristics::solveSubMip Before run() for sub-MIP at depth  3 on thread  0
HighsPrimalHeuristics::solveSubMip After  run() for sub-MIP at depth  3 on thread  0

HighsPrimalHeuristics::solveSubMip After  run() for sub-MIP at depth  2 on thread  0

HighsPrimalHeuristics::solveSubMip After  run() for sub-MIP at depth  1 on thread  0


HighsPrimalHeuristics::solveSubMip Before run() for sub-MIP at depth  1 on thread  0

HighsPrimalHeuristics::solveSubMip Before run() for sub-MIP at depth  2 on thread  0
HighsPrimalHeuristics::solveSubMip After  run() for sub-MIP at depth  2 on thread  0


HighsPrimalHeuristics::solveSubMip Before run() for sub-MIP at depth  2 on thread  0
HighsPrimalHeuristics::solveSubMip After  run() for sub-MIP at depth  2 on thread  0

HighsPrimalHeuristics::solveSubMip After  run() for sub-MIP at depth  1 on thread  0

HighsPrimalHeuristics::solveSubMip After  run() for     MIP at depth  0 on thread  0


1.4% inactive integer columns, restarting
Sparsify removed 3.9% of nonzeros
55 probing evaluations: 0 deleted rows, 0 deleted columns, 0 lifted nonzeros
Model after restart has 224 rows, 499 cols (71 bin., 0 int., 0 impl., 428 cont., 0 dom.fix.), and 1321 nonzeros

         0       0         0   0.00%   187444.564024   188182             0.39%      110      0      0      3960     1.0s
MIP-Timing:           1 - start first LP solve (with basis)
MIP-Timing:           1 - finish first LP solve
MIP-Timing:           1 - starting  separation
         0       0         0   0.00%   187444.564024   188182             0.39%      110    101      2      4123     1.0s
MIP-Timing:         1.4 - completed separation
HighsProfiling::start SubMipSolve on thread  0 with submip = F

HighsPrimalHeuristics::solveSubMip Before run() for     MIP at depth  0 on thread  0

HighsPrimalHeuristics::solveSubMip Before run() for sub-MIP at depth  1 on thread  0
HighsPrimalHeuristics::solveSubMip After  run() for sub-MIP at depth  1 on thread  0


HighsPrimalHeuristics::solveSubMip Before run() for sub-MIP at depth  1 on thread  0

HighsPrimalHeuristics::solveSubMip Before run() for sub-MIP at depth  2 on thread  0
HighsPrimalHeuristics::solveSubMip After  run() for sub-MIP at depth  2 on thread  0


HighsPrimalHeuristics::solveSubMip Before run() for sub-MIP at depth  2 on thread  0
HighsPrimalHeuristics::solveSubMip After  run() for sub-MIP at depth  2 on thread  0

HighsPrimalHeuristics::solveSubMip After  run() for sub-MIP at depth  1 on thread  0

HighsPrimalHeuristics::solveSubMip After  run() for     MIP at depth  0 on thread  0

HighsProfiling::start SubMipSolve on thread  0 with submip = F

HighsPrimalHeuristics::solveSubMip Before run() for     MIP at depth  0 on thread  0

HighsPrimalHeuristics::solveSubMip Before run() for sub-MIP at depth  1 on thread  0

HighsPrimalHeuristics::solveSubMip Before run() for sub-MIP at depth  2 on thread  0
HighsPrimalHeuristics::solveSubMip After  run() for sub-MIP at depth  2 on thread  0


HighsPrimalHeuristics::solveSubMip Before run() for sub-MIP at depth  2 on thread  0
HighsPrimalHeuristics::solveSubMip After  run() for sub-MIP at depth  2 on thread  0

HighsPrimalHeuristics::solveSubMip After  run() for sub-MIP at depth  1 on thread  0


HighsPrimalHeuristics::solveSubMip Before run() for sub-MIP at depth  1 on thread  0

HighsPrimalHeuristics::solveSubMip Before run() for sub-MIP at depth  2 on thread  0

HighsPrimalHeuristics::solveSubMip Before run() for sub-MIP at depth  3 on thread  0
HighsPrimalHeuristics::solveSubMip After  run() for sub-MIP at depth  3 on thread  0


HighsPrimalHeuristics::solveSubMip Before run() for sub-MIP at depth  3 on thread  0
HighsPrimalHeuristics::solveSubMip After  run() for sub-MIP at depth  3 on thread  0

HighsPrimalHeuristics::solveSubMip After  run() for sub-MIP at depth  2 on thread  0

HighsPrimalHeuristics::solveSubMip After  run() for sub-MIP at depth  1 on thread  0

HighsPrimalHeuristics::solveSubMip After  run() for     MIP at depth  0 on thread  0

MIP-Timing:         2.5 - completed evaluate root node
HighsProfiling::start SubMipSolve on thread  0 with submip = F

HighsPrimalHeuristics::solveSubMip Before run() for     MIP at depth  0 on thread  0

HighsPrimalHeuristics::solveSubMip Before run() for sub-MIP at depth  1 on thread  0

HighsPrimalHeuristics::solveSubMip Before run() for sub-MIP at depth  2 on thread  0
HighsPrimalHeuristics::solveSubMip After  run() for sub-MIP at depth  2 on thread  0


HighsPrimalHeuristics::solveSubMip Before run() for sub-MIP at depth  2 on thread  0
HighsPrimalHeuristics::solveSubMip After  run() for sub-MIP at depth  2 on thread  0

HighsPrimalHeuristics::solveSubMip After  run() for sub-MIP at depth  1 on thread  0


HighsPrimalHeuristics::solveSubMip Before run() for sub-MIP at depth  1 on thread  0

HighsPrimalHeuristics::solveSubMip Before run() for sub-MIP at depth  2 on thread  0
HighsPrimalHeuristics::solveSubMip After  run() for sub-MIP at depth  2 on thread  0

HighsPrimalHeuristics::solveSubMip After  run() for sub-MIP at depth  1 on thread  0

HighsPrimalHeuristics::solveSubMip After  run() for     MIP at depth  0 on thread  0

         3       0         1 100.00%   188165.733226   188182             0.01%      566    118     26     11461     3.1s

Solving report
  Model             dcmulti
  Status            Optimal
  Primal bound      188182
  Dual bound        188165.733226
  Gap               0.00864% (tolerance: 0.01%)
  P-D integral      0.0204280368895
  Solution status   feasible
                    188182 (objective)
  Timing            3.15
                    0.12 (Presolve)
                        MIP    time [calls] = 0.01 [1]
                        subMIP time [calls] = 0.12 [32]
                    3.02 (Solve)
                        MIP    time [calls] = 0.77 [1]
                        subMIP time [calls] = 2.25 [32]
                    0.00 (Postsolve)
                        MIP    time [calls] = 0.00 [1]
                        subMIP time [calls] = 0.00 [32]
  Max sub-MIP depth 8
  Nodes             3
  Repair LPs        0
  LP iterations     11461
                    1008 (strong br.)
                    647 (separation)
                    9091 (heuristics)
getKktFailures:: cost norm =  1.8e+03; bound norm =      230
getKktFailures:                      LP  (abs / rel)         Col (abs / rel)         Row (abs / rel)
getKktFailures: primal infeasibility 2.84e-14 / 1.23e-16            0 /        0     2.84e-14 / 1.23e-16

MIP sub-solver profiling: number of threads used = 2

Thread 0
Solver                    Calls    Time       Time/call      MIP%
MIP                           1  3.1497e+00  3.1497e+00
Du simplex (basis)          159  1.6856e-01  1.0601e-03       5.4
Du simplex (no basis)         1  3.6120e-03  3.6120e-03       0.1
Sub-MIP                       5  2.3776e+00  4.7552e-01      75.5
TOTAL                            2.5498e+00                  81.0

Thread 1
Solver                    Calls    Time       Time/call      MIP%
IPX (AC)                     44  2.7687e-01  6.2925e-03       8.8
TOTAL                            2.7687e-01                   8.8

Sub-MIP sub-solver profiling

Thread 0
Solver                    Calls    Time       Time/call  Sub-MIP%
Du simplex (basis)         1338  8.4278e-01  6.2988e-04      35.4
TOTAL                            8.4278e-01                  35.4

Percent (sub-)MIP time by thread

MIP sub-solver            0     1
Du simplex (basis)      5.4      
Du simplex (no basis)   0.1      
IPX (AC)                      8.8
Sub-MIP                75.5      
=================================
Total                  81.0   8.8
=================================

Sub-MIP sub-solver        0     1
Du simplex (basis)     35.4      
=================================
Total                  35.4      
=================================
Writing the solution to /workspace/scuc-campaign/profile/dcmulti-s1-profile1.sol
