Running HiGHS 1.15.1 (git hash: d547a3ad8a): Copyright (c) 2026 under MIT licence terms
Includes third-party software components, see THIRD_PARTY_NOTICES.md for full details
Command line parsed using CLI11 2.5.0: Copyright (c) 2017-2025 University of Cincinnati
Set option parallel to "off"
Set option threads to 2
Set option time_limit to 60
Set option random_seed to 1
Set option write_solution_to_file to true
Set option solution_file to "/workspace/scuc-campaign/profile/egout-s1-profile1.sol"
readMPS: Trying to open file /workspace/scuc-native-source/check/instances/egout.mps
readMPS: Read NAME    OK
readMPS: Read ROWS    OK
readMPS: Read COLUMNS OK
readMPS: Read RHS     OK
readMPS: Read BOUNDS  OK
MIP       : egout
Rows      : 98
Cols      : 141
Nonzeros  : 282
Integer   : 55 (55 binary)
Coefficient ranges:
  Matrix  [1e+00, 1e+02]
  Cost    [1e-03, 4e+01]
  Bound   [7e-02, 2e+01] (continuous)
  Bound   [1e+00, 1e+00] (non-continuous)
  RHS     [0e+00, 0e+00]
Scheduler initialized: 2 threads (physical cores: 5)
Permitted suppression of presolve rules via presolve_rule_off option:
 * Rule  0 (set bit  0 =       1): Empty row
 * Rule  1 (set bit  1 =       2): Singleton row
 * Rule  2 (set bit  2 =       4): Redundant row
 * Rule  3 (set bit  3 =       8): Empty column
 * Rule  4 (set bit  4 =      16): Fixed column
   Rule  6 (set bit  6 =      64): Forcing row
   Rule  7 (set bit  7 =     128): Forcing col
   Rule  8 (set bit  8 =     256): Free col substitution
   Rule  9 (set bit  9 =     512): Doubleton equation
   Rule 10 (set bit 10 =    1024): Dependent equations
   Rule 11 (set bit 11 =    2048): Dependent free columns
   Rule 12 (set bit 12 =    4096): Aggregator
   Rule 13 (set bit 13 =    8192): Parallel rows and columns
   Rule 14 (set bit 14 =   16384): Sparsify
   Rule 15 (set bit 15 =   32768): Probing
   Rule 16 (set bit 16 =   65536): Enumeration
   Rule 17 (set bit 17 =  131072): Dual fixing
   Rule 18 (set bit 18 =  262144): Zero cost singleton
   Rule 19 (set bit 19 =  524288): Col stuffing
   Rule 20 (set bit 20 = 1048576): Initial sweep
   Rule 21 (set bit 21 = 2097152): Fourier-Motzkin
   Rule 22 (set bit 22 = 4194304): Weakly dominated col
 * Only in initial sweep
Presolving model
98 rows, 141 cols, 282 nonzeros 0s
78 rows, 90 cols, 180 nonzeros 0s
35 rows, 47 cols, 100 nonzeros 0s
Sparsify removed 3.1% of nonzeros
Enumeration presolve: 1 deleted columns, 2 tightened bounds, 0 substitutions, 0 deleted rows, 0 lifted nonzeros
29 probing evaluations: 0 deleted rows, 1 deleted columns, 0 lifted nonzeros
28 probing evaluations: 0 deleted rows, 0 deleted columns, 0 lifted nonzeros
31 rows, 42 cols, 91 nonzeros 0s
Presolve reductions: rows 31(-67); columns 42(-99); nonzeros 91(-191) 
MIP-Timing:      0.0019 - completed presolve
MIP-Timing:      0.0019 - starting  setup

Solving MIP model with:
   31 rows
   42 cols (28 binary, 0 integer, 0 implied int., 14 continuous, 0 domain fixed)
   91 nonzeros
   Thread count 2 (of 5 threads). Using 1 max workers. Parallel search off
MIP-Timing:       0.002 - completed setup
Feasibility Jump: starting solve. weightUpdateDecay=1, relaxContinuous=0  

Src: B => Branching; C => Central rounding; F => Feasibility pump; H => Heuristic;
     I => Shifting; J => Feasibility jump; L => Sub-MIP; P => Empty MIP; R => Randomized rounding;
     S => Solve LP; T => Evaluate node; U => Unbounded; X => User solution; Y => HiGHS solution;
     Z => ZI Round; l => Trivial lower; p => Trivial point; u => Trivial upper; z => Trivial zero

        Nodes      |    B&B Tree     |            Objective Bounds              |  Dynamic Constraints |       Work      
Src  Proc. InQueue |  Leaves   Expl. | BestBound       BestSol              Gap |   Cuts   InLp Confl. | LpIters     Time

 J       0       0         0   0.00%   -inf            692.54885          Large        0      0      0         0     0.0s
MIP-Timing:      0.0036 - starting evaluate root node
MIP-Timing:      0.0037 - starting analytic centre calculation
MIP-Timing:      0.0037 - start first LP solve (without basis)
MIP-Timing:      0.0048 - finish first LP solve
 S       0       0         0   0.00%   382.17769       625.31921         38.88%        0      0      0         0     0.0s
MIP-Timing:       0.005 - starting  separation
         0       0         0   0.00%   509.0413941     625.31921         18.59%        0      0      0        14     0.0s
 S       0       0         0   0.00%   509.0413941     623.1083875       18.31%       50      8      0        14     0.0s
 S       0       0         0   0.00%   548.2608543     613.2231148       10.59%       69     12      0        24     0.0s
 S       0       0         0   0.00%   559.7465826     595.904576         6.07%       93     13      0        31     0.0s
MIP-Timing:      0.0075 - completed separation
MIP-Timing:      0.0075 - starting  analytic centre synch
MIP-Timing:      0.0075 - completed analytic centre synch
HighsProfiling::start SubMipSolve on thread  0 with submip = F

HighsPrimalHeuristics::solveSubMip Before run() for     MIP at depth  0 on thread  0
HighsPrimalHeuristics::solveSubMip After  run() for     MIP at depth  0 on thread  0

 L       0       0         0 100.00%   568.1007        568.1007           0.00%      105     15      2        38     0.0s
MIP-Timing:       0.019 - completed evaluate root node
         1       0         1 100.00%   568.1007        568.1007           0.00%      105     15      2        38     0.0s

Solving report
  Model             egout
  Status            Optimal
  Primal bound      568.1007
  Dual bound        568.1007
  Gap               0% (tolerance: 0.01%)
  P-D integral      0.00138534665165
  Solution status   feasible
                    568.1007 (objective)
  Timing            0.02
                    0.00 (Presolve)
                        MIP    time [calls] = 0.00 [1]
                        subMIP time [calls] = 0.00 [1]
                    0.02 (Solve)
                        MIP    time [calls] = 0.01 [1]
                        subMIP time [calls] = 0.01 [1]
                    0.00 (Postsolve)
                        MIP    time [calls] = 0.00 [1]
                        subMIP time [calls] = 0.00 [1]
  Max sub-MIP depth 2
  Nodes             1
  Repair LPs        0
  LP iterations     38
                    0 (strong br.)
                    24 (separation)
                    0 (heuristics)
getKktFailures:: cost norm =     43.7; bound norm =     21.5
getKktFailures:                      LP  (abs / rel)         Col (abs / rel)         Row (abs / rel)
getKktFailures: primal infeasibility 2.66e-14 / 1.19e-15     3.55e-15 / 1.58e-16     2.66e-14 / 1.19e-15

MIP sub-solver profiling: number of threads used = 2

Thread 0
Solver                    Calls    Time       Time/call      MIP%
MIP                           1  1.9533e-02  1.9533e-02
Du simplex (basis)            5  8.0895e-04  1.6179e-04       4.1
Du simplex (no basis)         1  4.9639e-04  4.9639e-04       2.5
Sub-MIP                       1  1.1614e-02  1.1614e-02      59.5
TOTAL                            1.2919e-02                  66.1

Thread 1
Solver                    Calls    Time       Time/call      MIP%
IPX (AC)                      2  2.0154e-03  1.0077e-03      10.3
TOTAL                            2.0154e-03                  10.3

Sub-MIP sub-solver profiling

Thread 0
Solver                    Calls    Time       Time/call  Sub-MIP%

Percent (sub-)MIP time by thread

MIP sub-solver            0     1
Du simplex (basis)      4.1      
Du simplex (no basis)   2.5      
IPX (AC)                     10.3
Sub-MIP                59.5      
=================================
Total                  66.1  10.3
=================================

Sub-MIP sub-solver        0     1
=================================
Total                            
=================================
Writing the solution to /workspace/scuc-campaign/profile/egout-s1-profile1.sol
