Running HiGHS 1.15.1 (git hash: d547a3ad8a): Copyright (c) 2026 under MIT licence terms
Includes third-party software components, see THIRD_PARTY_NOTICES.md for full details
Command line parsed using CLI11 2.5.0: Copyright (c) 2017-2025 University of Cincinnati
Set option parallel to "off"
Set option threads to 2
Set option time_limit to 60
Set option random_seed to 1
Set option write_solution_to_file to true
Set option solution_file to "/workspace/scuc-campaign/profile/flugpl-s1-profile1.sol"
readMPS: Trying to open file /workspace/scuc-native-source/check/instances/flugpl.mps
readMPS: Read NAME    OK
readMPS: Read ROWS    OK
readMPS: Read COLUMNS OK
readMPS: Read RHS     OK
readMPS: Read BOUNDS  OK
MIP       : flugpl
Rows      : 18
Cols      : 18
Nonzeros  : 46
Integer   : 11 (0 binary)
Coefficient ranges:
  Matrix  [9e-01, 2e+02]
  Cost    [3e+01, 3e+03]
  Bound   [0e+00, 0e+00] (continuous)
  Bound   [2e+01, 8e+01] (non-continuous)
  RHS     [6e+01, 1e+04]
Scheduler initialized: 2 threads (physical cores: 5)
Permitted suppression of presolve rules via presolve_rule_off option:
 * Rule  0 (set bit  0 =       1): Empty row
 * Rule  1 (set bit  1 =       2): Singleton row
 * Rule  2 (set bit  2 =       4): Redundant row
 * Rule  3 (set bit  3 =       8): Empty column
 * Rule  4 (set bit  4 =      16): Fixed column
   Rule  6 (set bit  6 =      64): Forcing row
   Rule  7 (set bit  7 =     128): Forcing col
   Rule  8 (set bit  8 =     256): Free col substitution
   Rule  9 (set bit  9 =     512): Doubleton equation
   Rule 10 (set bit 10 =    1024): Dependent equations
   Rule 11 (set bit 11 =    2048): Dependent free columns
   Rule 12 (set bit 12 =    4096): Aggregator
   Rule 13 (set bit 13 =    8192): Parallel rows and columns
   Rule 14 (set bit 14 =   16384): Sparsify
   Rule 15 (set bit 15 =   32768): Probing
   Rule 16 (set bit 16 =   65536): Enumeration
   Rule 17 (set bit 17 =  131072): Dual fixing
   Rule 18 (set bit 18 =  262144): Zero cost singleton
   Rule 19 (set bit 19 =  524288): Col stuffing
   Rule 20 (set bit 20 = 1048576): Initial sweep
   Rule 21 (set bit 21 = 2097152): Fourier-Motzkin
   Rule 22 (set bit 22 = 4194304): Weakly dominated col
 * Only in initial sweep
Presolving model
18 rows, 18 cols, 46 nonzeros 0s
15 rows, 15 cols, 38 nonzeros 0s
13 rows, 14 cols, 34 nonzeros 0s
Presolve reductions: rows 13(-5); columns 14(-4); nonzeros 34(-12) 
MIP-Timing:     0.00064 - completed presolve
MIP-Timing:     0.00064 - starting  setup
Objective function is integral with scale 0.0333333

Solving MIP model with:
   13 rows
   14 cols (0 binary, 9 integer, 5 implied int., 0 continuous, 0 domain fixed)
   34 nonzeros
   Thread count 2 (of 5 threads). Using 1 max workers. Parallel search off
MIP-Timing:     0.00073 - completed setup
Feasibility Jump: starting solve. weightUpdateDecay=1, relaxContinuous=0  
MIP-Timing:      0.0089 - starting evaluate root node
MIP-Timing:      0.0089 - starting analytic centre calculation

Src: B => Branching; C => Central rounding; F => Feasibility pump; H => Heuristic;
     I => Shifting; J => Feasibility jump; L => Sub-MIP; P => Empty MIP; R => Randomized rounding;
     S => Solve LP; T => Evaluate node; U => Unbounded; X => User solution; Y => HiGHS solution;
     Z => ZI Round; l => Trivial lower; p => Trivial point; u => Trivial upper; z => Trivial zero

        Nodes      |    B&B Tree     |            Objective Bounds              |  Dynamic Constraints |       Work      
Src  Proc. InQueue |  Leaves   Expl. | BestBound       BestSol              Gap |   Cuts   InLp Confl. | LpIters     Time

         0       0         0   0.00%   1018500         inf                  inf        0      0      0         0     0.0s
MIP-Timing:       0.009 - start first LP solve (without basis)
MIP-Timing:      0.0095 - finish first LP solve
MIP-Timing:       0.016 - starting  separation
         0       0         0   0.00%   1167875.166377  inf                  inf        0      0      3        10     0.0s
MIP-Timing:       0.045 - starting  analytic centre synch
MIP-Timing:       0.046 - completed analytic centre synch
MIP-Timing:       0.073 - completed separation
 H       0       0         0   0.00%   1173598.847194  1202700            2.42%      157     22    210        40     0.1s
MIP-Timing:       0.078 - completed evaluate root node
HighsProfiling::start SubMipSolve on thread  0 with submip = F

HighsPrimalHeuristics::solveSubMip Before run() for     MIP at depth  0 on thread  0
HighsPrimalHeuristics::solveSubMip After  run() for     MIP at depth  0 on thread  0

HighsProfiling::start SubMipSolve on thread  0 with submip = F

HighsPrimalHeuristics::solveSubMip Before run() for     MIP at depth  0 on thread  0
HighsPrimalHeuristics::solveSubMip After  run() for     MIP at depth  0 on thread  0

HighsProfiling::start SubMipSolve on thread  0 with submip = F

HighsPrimalHeuristics::solveSubMip Before run() for     MIP at depth  0 on thread  0
HighsPrimalHeuristics::solveSubMip After  run() for     MIP at depth  0 on thread  0

 L       0       0         0   0.00%   1173598.847194  1202400            2.40%      158      6    222       205     0.1s
 T      66       0        20  76.66%   1173598.847194  1201800            2.35%      158      6    542       492     0.1s
 T      68       0        21  76.71%   1173598.847194  1201500            2.32%      159      6    547       494     0.1s
        99       0        31 100.00%   1201500         1201500            0.00%      160      6    673       602     0.2s

Solving report
  Model             flugpl
  Status            Optimal
  Primal bound      1201500
  Dual bound        1201500
  Gap               0% (tolerance: 0.01%)
  P-D integral      0.00184007117884
  Solution status   feasible
                    1201500 (objective)
  Timing            0.15
                    0.00 (Presolve)
                        MIP    time [calls] = 0.00 [1]
                        subMIP time [calls] = 0.00 [3]
                    0.15 (Solve)
                        MIP    time [calls] = 0.11 [1]
                        subMIP time [calls] = 0.05 [3]
                    0.00 (Postsolve)
                        MIP    time [calls] = 0.00 [1]
                        subMIP time [calls] = 0.00 [3]
  Max sub-MIP depth 2
  Nodes             99
  Repair LPs        0
  LP iterations     602
                    202 (strong br.)
                    30 (separation)
                    185 (heuristics)
getKktFailures:: cost norm =  2.7e+03; bound norm =  1.2e+04
getKktFailures:                      LP  (abs / rel)         Col (abs / rel)         Row (abs / rel)
getKktFailures: primal infeasibility        0 /        0            0 /        0            0 /        0

MIP sub-solver profiling: number of threads used = 2

Thread 0
Solver                    Calls    Time       Time/call      MIP%
MIP                           1  1.5491e-01  1.5491e-01
Du simplex (basis)          492  1.7818e-02  3.6216e-05      11.5
Du simplex (no basis)         1  2.8419e-04  2.8419e-04       0.2
Sub-MIP                       3  4.6817e-02  1.5606e-02      30.2
TOTAL                            6.4919e-02                  41.9

Thread 1
Solver                    Calls    Time       Time/call      MIP%
IPX (AC)                      4  1.5471e-03  3.8677e-04       1.0
TOTAL                            1.5471e-03                   1.0

Sub-MIP sub-solver profiling

Thread 0
Solver                    Calls    Time       Time/call  Sub-MIP%
Du simplex (basis)           16  8.2731e-04  5.1707e-05       1.8
TOTAL                            8.2731e-04                   1.8

Percent (sub-)MIP time by thread

MIP sub-solver            0     1
Du simplex (basis)     11.5      
Du simplex (no basis)   0.2      
IPX (AC)                      1.0
Sub-MIP                30.2      
=================================
Total                  41.9   1.0
=================================

Sub-MIP sub-solver        0     1
Du simplex (basis)      1.8      
=================================
Total                   1.8      
=================================
Writing the solution to /workspace/scuc-campaign/profile/flugpl-s1-profile1.sol
