Running HiGHS 1.15.1 (git hash: d547a3ad8a): Copyright (c) 2026 under MIT licence terms
Includes third-party software components, see THIRD_PARTY_NOTICES.md for full details
Command line parsed using CLI11 2.5.0: Copyright (c) 2017-2025 University of Cincinnati
Set option parallel to "off"
Set option threads to 2
Set option time_limit to 60
Set option random_seed to 2
Set option write_solution_to_file to true
Set option solution_file to "/workspace/scuc-campaign/profile/gesa2-s2-profile1.sol"
readMPS: Trying to open file /workspace/scuc-native-source/check/instances/gesa2.mps
readMPS: Read NAME    OK
readMPS: Read ROWS    OK
readMPS: Read COLUMNS OK
readMPS: Read RHS     OK
Number of BV entries in BOUNDS section is 240
Number of UI entries in BOUNDS section is 168
readMPS: Read BOUNDS  OK
MIP       : gesa2
Rows      : 1392
Cols      : 1224
Nonzeros  : 5064
Integer   : 408 (240 binary)
Coefficient ranges:
  Matrix  [7e-02, 1e+02]
  Cost    [2e+03, 2e+06]
  Bound   [1e+00, 4e+00] (continuous)
  Bound   [1e+00, 4e+00] (non-continuous)
  RHS     [1e+00, 5e+02]
WARNING: Problem has some excessively large costs
WARNING:    Consider scaling the objective by 1e-1, or setting the user_objective_scale option to -1
WARNING: Problem is badly scaled, which may compromise the speed, accuracy and reliability of solvers in HiGHS
Scheduler initialized: 2 threads (physical cores: 5)
Permitted suppression of presolve rules via presolve_rule_off option:
 * Rule  0 (set bit  0 =       1): Empty row
 * Rule  1 (set bit  1 =       2): Singleton row
 * Rule  2 (set bit  2 =       4): Redundant row
 * Rule  3 (set bit  3 =       8): Empty column
 * Rule  4 (set bit  4 =      16): Fixed column
   Rule  6 (set bit  6 =      64): Forcing row
   Rule  7 (set bit  7 =     128): Forcing col
   Rule  8 (set bit  8 =     256): Free col substitution
   Rule  9 (set bit  9 =     512): Doubleton equation
   Rule 10 (set bit 10 =    1024): Dependent equations
   Rule 11 (set bit 11 =    2048): Dependent free columns
   Rule 12 (set bit 12 =    4096): Aggregator
   Rule 13 (set bit 13 =    8192): Parallel rows and columns
   Rule 14 (set bit 14 =   16384): Sparsify
   Rule 15 (set bit 15 =   32768): Probing
   Rule 16 (set bit 16 =   65536): Enumeration
   Rule 17 (set bit 17 =  131072): Dual fixing
   Rule 18 (set bit 18 =  262144): Zero cost singleton
   Rule 19 (set bit 19 =  524288): Col stuffing
   Rule 20 (set bit 20 = 1048576): Initial sweep
   Rule 21 (set bit 21 = 2097152): Fourier-Motzkin
   Rule 22 (set bit 22 = 4194304): Weakly dominated col
 * Only in initial sweep
Presolving model
1392 rows, 1224 cols, 5064 nonzeros 0s
Strengthened 55 coefficients
95 probing evaluations: 0 deleted rows, 0 deleted columns, 0 lifted nonzeros
1344 rows, 1176 cols, 4968 nonzeros 0s
Presolve reductions: rows 1344(-48); columns 1176(-48); nonzeros 4968(-96) 
MIP-Timing:       0.011 - completed presolve
MIP-Timing:       0.011 - starting  setup

Solving MIP model with:
   1344 rows
   1176 cols (248 binary, 160 integer, 312 implied int., 456 continuous, 0 domain fixed)
   4968 nonzeros
   Thread count 2 (of 5 threads). Using 1 max workers. Parallel search off
MIP-Timing:       0.011 - completed setup
Feasibility Jump: starting solve. weightUpdateDecay=1, relaxContinuous=0  

Src: B => Branching; C => Central rounding; F => Feasibility pump; H => Heuristic;
     I => Shifting; J => Feasibility jump; L => Sub-MIP; P => Empty MIP; R => Randomized rounding;
     S => Solve LP; T => Evaluate node; U => Unbounded; X => User solution; Y => HiGHS solution;
     Z => ZI Round; l => Trivial lower; p => Trivial point; u => Trivial upper; z => Trivial zero

        Nodes      |    B&B Tree     |            Objective Bounds              |  Dynamic Constraints |       Work      
Src  Proc. InQueue |  Leaves   Expl. | BestBound       BestSol              Gap |   Cuts   InLp Confl. | LpIters     Time

 J       0       0         0   0.00%   -inf            52012014.08638     Large        0      0      0         0     0.0s
MIP-Timing:        0.02 - starting evaluate root node
MIP-Timing:       0.022 - starting analytic centre calculation
MIP-Timing:       0.022 - start first LP solve (without basis)
MIP-Timing:       0.031 - finish first LP solve
MIP-Timing:       0.033 - starting  separation
         0       0         0   0.00%   25494782.27515  52012014.08638    50.98%        0      0      0       463     0.0s
MIP-Timing:       0.098 - starting  analytic centre synch
MIP-Timing:       0.098 - completed analytic centre synch
 C       0       0         0   0.00%   25761762.71041  26686733.7387      3.47%     1130     92      0       690     0.1s
MIP-Timing:        0.36 - completed separation
HighsProfiling::start SubMipSolve on thread  0 with submip = F

HighsPrimalHeuristics::solveSubMip Before run() for     MIP at depth  0 on thread  0

HighsPrimalHeuristics::solveSubMip Before run() for sub-MIP at depth  1 on thread  0

HighsPrimalHeuristics::solveSubMip Before run() for sub-MIP at depth  2 on thread  0

HighsPrimalHeuristics::solveSubMip Before run() for sub-MIP at depth  3 on thread  0
HighsPrimalHeuristics::solveSubMip After  run() for sub-MIP at depth  3 on thread  0

HighsPrimalHeuristics::solveSubMip After  run() for sub-MIP at depth  2 on thread  0

HighsPrimalHeuristics::solveSubMip After  run() for sub-MIP at depth  1 on thread  0

HighsPrimalHeuristics::solveSubMip After  run() for     MIP at depth  0 on thread  0

 L       0       0         0   0.00%   25779677.72775  25779856.3717      0.00%     2736    138      0       986     0.6s
MIP-Timing:        0.63 - completed evaluate root node
         1       0         1 100.00%   25779678.3345   25779856.3717      0.00%     2736    138      0      1702     0.6s

Solving report
  Model             gesa2
  Status            Optimal
  Primal bound      25779856.3717
  Dual bound        25779678.3345
  Gap               0.000691% (tolerance: 0.01%)
  P-D integral      0.0626900383461
  Solution status   feasible
                    25779856.3717 (objective)
  Timing            0.63
                    0.03 (Presolve)
                        MIP    time [calls] = 0.01 [1]
                        subMIP time [calls] = 0.01 [4]
                    0.60 (Solve)
                        MIP    time [calls] = 0.36 [1]
                        subMIP time [calls] = 0.25 [4]
                    0.00 (Postsolve)
                        MIP    time [calls] = 0.00 [1]
                        subMIP time [calls] = 0.00 [4]
  Max sub-MIP depth 8
  Nodes             1
  Repair LPs        0
  LP iterations     1702
                    0 (strong br.)
                    523 (separation)
                    713 (heuristics)
getKktFailures:: cost norm = 1.55e+06; bound norm =      393
getKktFailures:                      LP  (abs / rel)         Col (abs / rel)         Row (abs / rel)
getKktFailures: primal infeasibility 2.84e-14 / 7.21e-17        6e-15 / 1.52e-17     2.84e-14 / 7.21e-17

MIP sub-solver profiling: number of threads used = 2

Thread 0
Solver                    Calls    Time       Time/call      MIP%
MIP                           1  6.3106e-01  6.3106e-01
Du simplex (basis)           29  6.4967e-02  2.2402e-03      10.3
Du simplex (no basis)         2  6.1998e-03  3.0999e-03       1.0
Sub-MIP                       1  2.6385e-01  2.6385e-01      41.8
TOTAL                            3.3501e-01                  53.1

Thread 1
Solver                    Calls    Time       Time/call      MIP%
IPX (AC)                      5  3.9645e-02  7.9289e-03       6.3
TOTAL                            3.9645e-02                   6.3

Sub-MIP sub-solver profiling

Thread 0
Solver                    Calls    Time       Time/call  Sub-MIP%
Du simplex (basis)          238  9.5151e-02  3.9979e-04      36.1
Du simplex (no basis)         9  2.2330e-03  2.4811e-04       0.8
TOTAL                            9.7384e-02                  36.9

Percent (sub-)MIP time by thread

MIP sub-solver            0     1
Du simplex (basis)     10.3      
Du simplex (no basis)   1.0      
IPX (AC)                      6.3
Sub-MIP                41.8      
=================================
Total                  53.1   6.3
=================================

Sub-MIP sub-solver        0     1
Du simplex (basis)     36.1      
Du simplex (no basis)   0.8      
=================================
Total                  36.9      
=================================
Writing the solution to /workspace/scuc-campaign/profile/gesa2-s2-profile1.sol
