[1/174] Building CXX object highs/CMakeFiles/highs.dir/mip/HighsSeparation.cpp.o
[2/174] Building CXX object highs/CMakeFiles/highs.dir/mip/HighsTableauSeparator.cpp.o
[3/174] Building CXX object highs/CMakeFiles/highs.dir/model/HighsHessian.cpp.o
[4/174] Building CXX object highs/CMakeFiles/highs.dir/model/HighsHessianUtils.cpp.o
[5/174] Building CXX object highs/CMakeFiles/highs.dir/model/HighsModel.cpp.o
[6/174] Building CXX object highs/CMakeFiles/highs.dir/mip/HighsTransformedLp.cpp.o
[7/174] Building CXX object highs/CMakeFiles/highs.dir/parallel/HighsTaskExecutor.cpp.o
[8/174] Building CXX object highs/CMakeFiles/highs.dir/pdlp/CupdlpWrapper.cpp.o
[9/174] Building CXX object highs/CMakeFiles/highs.dir/pdlp/HiPdlpWrapper.cpp.o
[10/174] Building CXX object highs/CMakeFiles/highs.dir/pdlp/hipdlp/linalg.cc.o
[11/174] Building CXX object highs/CMakeFiles/highs.dir/pdlp/hipdlp/logger.cc.o
[12/174] Building CXX object highs/CMakeFiles/highs.dir/pdlp/hipdlp/pdhg.cc.o
[13/174] Building CXX object highs/CMakeFiles/highs.dir/pdlp/hipdlp/restart.cc.o
[14/174] Building CXX object highs/CMakeFiles/highs.dir/pdlp/hipdlp/scaling.cc.o
[15/174] Building CXX object highs/CMakeFiles/highs.dir/presolve/HighsPostsolveStack.cpp.o
[16/174] Building CXX object highs/CMakeFiles/highs.dir/presolve/HighsSymmetry.cpp.o
[17/174] Building CXX object highs/CMakeFiles/highs.dir/presolve/HPresolveAnalysis.cpp.o
[18/174] Building CXX object highs/CMakeFiles/highs.dir/presolve/HPresolveCliqueTable.cpp.o
[19/174] Building CXX object highs/CMakeFiles/highs.dir/presolve/HPresolve.cpp.o
[20/174] Building CXX object highs/CMakeFiles/highs.dir/presolve/HPresolveUtils.cpp.o
[21/174] Building CXX object highs/CMakeFiles/highs.dir/presolve/HPresolveInitialSweep.cpp.o
[22/174] Building CXX object highs/CMakeFiles/highs.dir/presolve/ICrash.cpp.o
[23/174] Building CXX object highs/CMakeFiles/highs.dir/presolve/HPresolveTest.cpp.o
[24/174] Building CXX object highs/CMakeFiles/highs.dir/presolve/ICrashUtil.cpp.o
[25/174] Building CXX object highs/CMakeFiles/highs.dir/presolve/ICrashX.cpp.o
[26/174] Building CXX object highs/CMakeFiles/highs.dir/presolve/PresolveComponent.cpp.o
[27/174] Building CXX object highs/CMakeFiles/highs.dir/qpsolver/a_asm.cpp.o
[28/174] Building CXX object highs/CMakeFiles/highs.dir/qpsolver/a_quass.cpp.o
[29/174] Building CXX object highs/CMakeFiles/highs.dir/qpsolver/basis.cpp.o
[30/174] Building CXX object highs/CMakeFiles/highs.dir/qpsolver/quass.cpp.o
[31/174] Building CXX object highs/CMakeFiles/highs.dir/qpsolver/QpAsmWrapper.cpp.o
[32/174] Building CXX object highs/CMakeFiles/highs.dir/qpsolver/ratiotest.cpp.o
[33/174] Building CXX object highs/CMakeFiles/highs.dir/qpsolver/scaling.cpp.o
[34/174] Building CXX object highs/CMakeFiles/highs.dir/simplex/HEkk.cpp.o
[35/174] Building CXX object highs/CMakeFiles/highs.dir/simplex/HEkkControl.cpp.o
[36/174] Building CXX object highs/CMakeFiles/highs.dir/simplex/HEkkDual.cpp.o
[37/174] Building CXX object highs/CMakeFiles/highs.dir/simplex/HEkkDebug.cpp.o
[38/174] Building CXX object highs/CMakeFiles/highs.dir/simplex/HEkkDualRHS.cpp.o
[39/174] Building CXX object highs/CMakeFiles/highs.dir/simplex/HEkkDualMulti.cpp.o
[40/174] Building CXX object highs/CMakeFiles/highs.dir/simplex/HEkkInterface.cpp.o
[41/174] Building CXX object highs/CMakeFiles/highs.dir/simplex/HEkkPrimal.cpp.o
[42/174] Building CXX object highs/CMakeFiles/highs.dir/simplex/HEkkDualRow.cpp.o
[43/174] Building CXX object highs/CMakeFiles/highs.dir/simplex/HSimplex.cpp.o
[44/174] Building CXX object highs/CMakeFiles/highs.dir/simplex/HighsSimplexAnalysis.cpp.o
[45/174] Building CXX object highs/CMakeFiles/highs.dir/simplex/HSimplexDebug.cpp.o
[46/174] Building CXX object highs/CMakeFiles/highs.dir/simplex/HSimplexNlaDebug.cpp.o
[47/174] Building CXX object highs/CMakeFiles/highs.dir/simplex/HSimplexNla.cpp.o
[48/174] Building CXX object highs/CMakeFiles/highs.dir/simplex/HSimplexNlaFreeze.cpp.o
[49/174] Building CXX object highs/CMakeFiles/highs.dir/simplex/HSimplexNlaProductForm.cpp.o
[50/174] Building CXX object highs/CMakeFiles/highs.dir/simplex/HSimplexReport.cpp.o
[51/174] Building CXX object highs/CMakeFiles/highs.dir/util/HFactorDebug.cpp.o
[52/174] Building CXX object highs/CMakeFiles/highs.dir/util/HFactor.cpp.o
[53/174] Building CXX object highs/CMakeFiles/highs.dir/util/HFactorExtend.cpp.o
[54/174] Building CXX object highs/CMakeFiles/highs.dir/util/HFactorRefactor.cpp.o
[55/174] Building CXX object highs/CMakeFiles/highs.dir/util/HighsDynamicLibrary.cpp.o
[56/174] Building CXX object highs/CMakeFiles/highs.dir/util/HFactorUtils.cpp.o
[57/174] Building CXX object highs/CMakeFiles/highs.dir/util/HighsHash.cpp.o
[58/174] Building CXX object highs/CMakeFiles/highs.dir/util/HighsLinearSumBounds.cpp.o
[59/174] Building CXX object highs/CMakeFiles/highs.dir/util/HighsMatrixPic.cpp.o
[60/174] Building CXX object highs/CMakeFiles/highs.dir/util/HighsSort.cpp.o
[61/174] Building CXX object highs/CMakeFiles/highs.dir/util/HighsMatrixUtils.cpp.o
[62/174] Building CXX object highs/CMakeFiles/highs.dir/util/HighsUtils.cpp.o
[63/174] Building CXX object highs/CMakeFiles/highs.dir/util/HighsSparseMatrix.cpp.o
[64/174] Building CXX object highs/CMakeFiles/highs.dir/util/HSet.cpp.o
[65/174] Building CXX object highs/CMakeFiles/highs.dir/util/stringutil.cpp.o
[66/174] Building CXX object highs/CMakeFiles/highs.dir/util/HVectorBase.cpp.o
[67/174] Building CXX object highs/CMakeFiles/highs.dir/HighsExternalDeps.cpp.o
[68/174] Building C object highs/CMakeFiles/highs.dir/pdlp/cupdlp/cupdlp_cs.c.o
[69/174] Building C object highs/CMakeFiles/highs.dir/pdlp/cupdlp/cupdlp_linalg.c.o
[70/174] Building C object highs/CMakeFiles/highs.dir/pdlp/cupdlp/cupdlp_proj.c.o
[71/174] Building C object highs/CMakeFiles/highs.dir/pdlp/cupdlp/cupdlp_restart.c.o
[72/174] Building CXX object highs/CMakeFiles/highs.dir/HighsExternalApi.cpp.o
[73/174] Building C object highs/CMakeFiles/highs.dir/pdlp/cupdlp/cupdlp_scaling.c.o
[74/174] Building C object highs/CMakeFiles/highs.dir/pdlp/cupdlp/cupdlp_step.c.o
[75/174] Building C object highs/CMakeFiles/highs.dir/pdlp/cupdlp/cupdlp_solver.c.o
[76/174] Building C object highs/CMakeFiles/highs.dir/pdlp/cupdlp/cupdlp_utils.c.o
[77/174] Building CXX object highs/CMakeFiles/highs.dir/ipm/ipx/basiclu_kernel.cc.o
[78/174] Building CXX object highs/CMakeFiles/highs.dir/ipm/ipx/basiclu_wrapper.cc.o
[79/174] Building CXX object highs/CMakeFiles/highs.dir/ipm/ipx/basis.cc.o
[80/174] Building CXX object highs/CMakeFiles/highs.dir/ipm/ipx/conjugate_residuals.cc.o
[81/174] Building CXX object highs/CMakeFiles/highs.dir/ipm/ipx/control.cc.o
[82/174] Building CXX object highs/CMakeFiles/highs.dir/ipm/ipx/diagonal_precond.cc.o
[83/174] Building CXX object highs/CMakeFiles/highs.dir/ipm/ipx/forrest_tomlin.cc.o
[84/174] Building CXX object highs/CMakeFiles/highs.dir/ipm/ipx/guess_basis.cc.o
[85/174] Building CXX object highs/CMakeFiles/highs.dir/ipm/ipx/crossover.cc.o
[86/174] Building CXX object highs/CMakeFiles/highs.dir/ipm/ipx/indexed_vector.cc.o
[87/174] Building CXX object highs/CMakeFiles/highs.dir/ipm/ipx/info.cc.o
[88/174] Building CXX object highs/CMakeFiles/highs.dir/ipm/ipx/ipm.cc.o
[89/174] Building CXX object highs/CMakeFiles/highs.dir/ipm/ipx/ipx_c.cc.o
[90/174] Building CXX object highs/CMakeFiles/highs.dir/ipm/ipx/iterate.cc.o
[91/174] Building CXX object highs/CMakeFiles/highs.dir/ipm/ipx/kkt_solver_basis.cc.o
[92/174] Building CXX object highs/CMakeFiles/highs.dir/ipm/ipx/kkt_solver_diag.cc.o
[93/174] Building CXX object highs/CMakeFiles/highs.dir/ipm/ipx/kkt_solver.cc.o
[94/174] Building CXX object highs/CMakeFiles/highs.dir/ipm/ipx/linear_operator.cc.o
[95/174] Building CXX object highs/CMakeFiles/highs.dir/ipm/ipx/lp_solver.cc.o
[96/174] Building CXX object highs/CMakeFiles/highs.dir/ipm/ipx/lu_factorization.cc.o
[97/174] Building CXX object highs/CMakeFiles/highs.dir/ipm/ipx/lu_update.cc.o
[98/174] Building CXX object highs/CMakeFiles/highs.dir/ipm/ipx/maxvolume.cc.o
[99/174] Building CXX object highs/CMakeFiles/highs.dir/ipm/ipx/normal_matrix.cc.o
[100/174] Building CXX object highs/CMakeFiles/highs.dir/ipm/ipx/model.cc.o
[101/174] Building CXX object highs/CMakeFiles/highs.dir/ipm/ipx/sparse_utils.cc.o
[102/174] Building CXX object highs/CMakeFiles/highs.dir/ipm/ipx/sparse_matrix.cc.o
[103/174] Building CXX object highs/CMakeFiles/highs.dir/ipm/ipx/splitted_normal_matrix.cc.o
[104/174] Building CXX object highs/CMakeFiles/highs.dir/ipm/ipx/starting_basis.cc.o
[105/174] Building CXX object highs/CMakeFiles/highs.dir/ipm/ipx/timer.cc.o
[106/174] Building CXX object highs/CMakeFiles/highs.dir/ipm/ipx/symbolic_invert.cc.o
[107/174] Building C object highs/CMakeFiles/highs.dir/ipm/basiclu/basiclu_factorize.c.o
[108/174] Building CXX object highs/CMakeFiles/highs.dir/ipm/ipx/utils.cc.o
[109/174] Building C object highs/CMakeFiles/highs.dir/ipm/basiclu/basiclu_initialize.c.o
[110/174] Building C object highs/CMakeFiles/highs.dir/ipm/basiclu/basiclu_get_factors.c.o
[111/174] Building C object highs/CMakeFiles/highs.dir/ipm/basiclu/basiclu_solve_dense.c.o
[112/174] Building C object highs/CMakeFiles/highs.dir/ipm/basiclu/basiclu_object.c.o
[113/174] Building C object highs/CMakeFiles/highs.dir/ipm/basiclu/basiclu_solve_for_update.c.o
[114/174] Building C object highs/CMakeFiles/highs.dir/ipm/basiclu/basiclu_solve_sparse.c.o
[115/174] Building C object highs/CMakeFiles/highs.dir/ipm/basiclu/basiclu_update.c.o
[116/174] Building C object highs/CMakeFiles/highs.dir/ipm/basiclu/lu_build_factors.c.o
[117/174] Building C object highs/CMakeFiles/highs.dir/ipm/basiclu/lu_condest.c.o
[118/174] Building C object highs/CMakeFiles/highs.dir/ipm/basiclu/lu_dfs.c.o
[119/174] Building C object highs/CMakeFiles/highs.dir/ipm/basiclu/lu_factorize_bump.c.o
[120/174] Building C object highs/CMakeFiles/highs.dir/ipm/basiclu/lu_file.c.o
[121/174] Building C object highs/CMakeFiles/highs.dir/ipm/basiclu/lu_initialize.c.o
[122/174] Building C object highs/CMakeFiles/highs.dir/ipm/basiclu/lu_internal.c.o
[123/174] Building C object highs/CMakeFiles/highs.dir/ipm/basiclu/lu_garbage_perm.c.o
[124/174] Building C object highs/CMakeFiles/highs.dir/ipm/basiclu/lu_markowitz.c.o
[125/174] Building C object highs/CMakeFiles/highs.dir/ipm/basiclu/lu_matrix_norm.c.o
[126/174] Building C object highs/CMakeFiles/highs.dir/ipm/basiclu/lu_residual_test.c.o
[127/174] Building C object highs/CMakeFiles/highs.dir/ipm/basiclu/lu_pivot.c.o
[128/174] Building C object highs/CMakeFiles/highs.dir/ipm/basiclu/lu_setup_bump.c.o
[129/174] Building C object highs/CMakeFiles/highs.dir/ipm/basiclu/lu_singletons.c.o
[130/174] Building C object highs/CMakeFiles/highs.dir/ipm/basiclu/lu_solve_dense.c.o
[131/174] Building C object highs/CMakeFiles/highs.dir/ipm/basiclu/lu_solve_for_update.c.o
[132/174] Building C object highs/CMakeFiles/highs.dir/ipm/basiclu/lu_solve_sparse.c.o
[133/174] Building C object highs/CMakeFiles/highs.dir/ipm/basiclu/lu_solve_symbolic.c.o
[134/174] Building C object highs/CMakeFiles/highs.dir/ipm/basiclu/lu_solve_triangular.c.o
[135/174] Building C object highs/CMakeFiles/highs.dir/ipm/basiclu/lu_update.c.o
[136/174] Building CXX object highs/CMakeFiles/highs.dir/ipm/hipo/ipm/IpmData.cpp.o
[137/174] Building CXX object highs/CMakeFiles/highs.dir/ipm/hipo/ipm/FactorHighsSolver.cpp.o
[138/174] Building CXX object highs/CMakeFiles/highs.dir/ipm/hipo/ipm/Control.cpp.o
[139/174] Building CXX object highs/CMakeFiles/highs.dir/ipm/hipo/ipm/KktMatrix.cpp.o
[140/174] Building CXX object highs/CMakeFiles/highs.dir/ipm/hipo/ipm/Iterate.cpp.o
[141/174] Building CXX object highs/CMakeFiles/highs.dir/ipm/hipo/ipm/PreProcess.cpp.o
[142/174] Building CXX object highs/CMakeFiles/highs.dir/ipm/hipo/ipm/Model.cpp.o
[143/174] Building CXX object highs/CMakeFiles/highs.dir/ipm/hipo/ipm/Refine.cpp.o
[144/174] Building CXX object highs/CMakeFiles/highs.dir/ipm/hipo/ipm/Solver.cpp.o
[145/174] Building CXX object highs/CMakeFiles/highs.dir/ipm/hipo/ipm/UpLookingSolver.cpp.o
[146/174] Building CXX object highs/CMakeFiles/highs.dir/ipm/hipo/factorhighs/CallAndTimeBlas.cpp.o
[147/174] Building CXX object highs/CMakeFiles/highs.dir/ipm/hipo/factorhighs/Analyse.cpp.o
[148/174] Building CXX object highs/CMakeFiles/highs.dir/ipm/hipo/factorhighs/CliqueStack.cpp.o
[149/174] Building CXX object highs/CMakeFiles/highs.dir/ipm/hipo/factorhighs/DataCollector.cpp.o
[150/174] Building CXX object highs/CMakeFiles/highs.dir/ipm/hipo/factorhighs/DenseFactHybrid.cpp.o
[151/174] Building CXX object highs/CMakeFiles/highs.dir/ipm/hipo/factorhighs/DenseFactKernel.cpp.o
[152/174] Building CXX object highs/CMakeFiles/highs.dir/ipm/hipo/factorhighs/DgemmParallel.cpp.o
[153/174] Building CXX object highs/CMakeFiles/highs.dir/ipm/hipo/factorhighs/FactorHighs_c_api.cpp.o
[154/174] Building CXX object highs/CMakeFiles/highs.dir/ipm/hipo/factorhighs/FactorHighs.cpp.o
[155/174] Building CXX object highs/CMakeFiles/highs.dir/ipm/hipo/factorhighs/Factorise.cpp.o
[156/174] Building CXX object highs/CMakeFiles/highs.dir/ipm/hipo/factorhighs/FormatHandler.cpp.o
[157/174] Building CXX object highs/CMakeFiles/highs.dir/ipm/hipo/factorhighs/HybridHybridFormatHandler.cpp.o
[158/174] Building CXX object highs/CMakeFiles/highs.dir/ipm/hipo/factorhighs/HybridSolveHandler.cpp.o
[159/174] Building CXX object highs/CMakeFiles/highs.dir/ipm/hipo/factorhighs/KrylovMethodsIpm.cpp.o
[160/174] Building CXX object highs/CMakeFiles/highs.dir/ipm/hipo/factorhighs/SolveHandler.cpp.o
[161/174] Building CXX object highs/CMakeFiles/highs.dir/ipm/hipo/factorhighs/Swaps.cpp.o
[162/174] Building CXX object highs/CMakeFiles/highs.dir/ipm/hipo/factorhighs/Numeric.cpp.o
[163/174] Building CXX object highs/CMakeFiles/highs.dir/ipm/hipo/factorhighs/Symbolic.cpp.o
[164/174] Building CXX object highs/CMakeFiles/highs.dir/ipm/hipo/auxiliary/KrylovMethods.cpp.o
[165/174] Building CXX object highs/CMakeFiles/highs.dir/ipm/hipo/auxiliary/Logger.cpp.o
[166/174] Building CXX object highs/CMakeFiles/highs.dir/ipm/hipo/auxiliary/Auxiliary.cpp.o
[167/174] Building CXX object highs/CMakeFiles/highs.dir/ipm/hipo/auxiliary/VectorOperations.cpp.o
[168/174] Building CXX object app/CMakeFiles/highs-bin.dir/RunHighs.cpp.o
[169/174] Building CXX object extern/CMakeFiles/highs_extras.dir/HighsExtrasApi.cpp.o
[170/174] Building CXX object extern/CMakeFiles/highs_extras.dir/HighsExtrasExternalDeps.cpp.o
[171/174] Linking CXX shared library lib/libhighs_extras.so
[172/174] Linking CXX shared library lib/libhighs.so.1.15.1
[173/174] Creating library symlink lib/libhighs.so.1 lib/libhighs.so
[174/174] Linking CXX executable bin/highs
