Running HiGHS 1.15.1 (git hash: d547a3ad8a): Copyright (c) 2026 under MIT licence terms
Includes third-party software components, see THIRD_PARTY_NOTICES.md for full details
Command line parsed using CLI11 2.5.0: Copyright (c) 2017-2025 University of Cincinnati
Set option parallel to "off"
Set option threads to 2
Set option time_limit to 60
Set option random_seed to 3
Set option write_solution_to_file to true
Set option solution_file to "/workspace/scuc-campaign/cache-panel-v1/gt2-s3-official/point.sol"
MIP gt2 has 29 rows; 188 cols; 376 nonzeros; 188 integer variables (24 binary)
Coefficient ranges:
  Matrix  [1e+00, 3e+03]
  Cost    [1e+03, 8e+03]
  Bound   [1e+00, 2e+01]
  RHS     [1e+00, 6e+03]
Presolving model
29 rows, 188 cols, 376 nonzeros 0s
28 rows, 173 cols, 346 nonzeros 0s
Presolve reductions: rows 28(-1); columns 173(-15); nonzeros 346(-30) 
Objective function is integral with scale 1

Solving MIP model with:
   28 rows
   173 cols (33 binary, 140 integer, 0 implied int., 0 continuous, 0 domain fixed)
   346 nonzeros
   Thread count 2 (of 5 threads). Using 1 max workers. Parallel search off

Src: B => Branching; C => Central rounding; F => Feasibility pump; H => Heuristic;
     I => Shifting; J => Feasibility jump; L => Sub-MIP; P => Empty MIP; R => Randomized rounding;
     S => Solve LP; T => Evaluate node; U => Unbounded; X => User solution; Y => HiGHS solution;
     Z => ZI Round; l => Trivial lower; p => Trivial point; u => Trivial upper; z => Trivial zero

        Nodes      |    B&B Tree     |            Objective Bounds              |  Dynamic Constraints |       Work      
Src  Proc. InQueue |  Leaves   Expl. | BestBound       BestSol              Gap |   Cuts   InLp Confl. | LpIters     Time

 J       0       0         0   0.00%   -inf            30466              Large        0      0      0         0     0.0s
         0       0         0   0.00%   20146.761297    30466             33.87%        0      0      7        40     0.0s
 C       0       0         0   0.00%   20658.669062    29292             29.47%      172     25     19        83     0.0s
 L       0       0         0 100.00%   21166           21166              0.00%      679     49     19       273     0.1s
         1       0         1 100.00%   21166           21166              0.00%      625     49     19       273     0.1s

Solving report
  Model             gt2
  Status            Optimal
  Primal bound      21166
  Dual bound        21166
  Gap               0% (tolerance: 0.01%)
  P-D integral      0.0200351298658
  Solution status   feasible
                    21166 (objective)
  Timing            0.07
                    0.00 (Presolve)
                        MIP    time [calls] = 0.00 [1]
                        subMIP time [calls] = 0.00 [1]
                    0.07 (Solve)
                        MIP    time [calls] = 0.07 [1]
                        subMIP time [calls] = 0.01 [1]
                    0.00 (Postsolve)
                        MIP    time [calls] = 0.00 [1]
                        subMIP time [calls] = 0.00 [1]
  Max sub-MIP depth 2
  Nodes             1
  Repair LPs        0
  LP iterations     273
                    0 (strong br.)
                    233 (separation)
                    0 (heuristics)
Writing the solution to /workspace/scuc-campaign/cache-panel-v1/gt2-s3-official/point.sol
