-- HIGHS_VCPKG: OFF
-- The CXX compiler identification is GNU 14.2.0
-- The C compiler identification is GNU 14.2.0
-- Detecting CXX compiler ABI info
-- Detecting CXX compiler ABI info - done
-- Check for working CXX compiler: /usr/bin/g++ - skipped
-- Detecting CXX compile features
-- Detecting CXX compile features - done
-- Detecting C compiler ABI info
-- Detecting C compiler ABI info - done
-- Check for working C compiler: /usr/bin/gcc - skipped
-- Detecting C compile features
-- Detecting C compile features - done
-- HIGHS version: 1.15.1
-- Git hash: d547a3ad8a
-- Build C++ library: ON
-- Build C++ executable: ON
-- Build shared extras library: ON
-- Build Fortran: OFF
-- Build CSharp: OFF
-- Build HIPO: OFF
-- Build all tests: ON
-- ZLIB: ON
-- Build examples: ON
-- Build pdlp with GPU: OFF
-- Use FindCUDAConf: OFF
-- Build GPU with delayed loading: OFF
-- Build HiPDLP with HIP: OFF
-- Build OpenBLAS: OFF
-- Build type: Release
-- Looking for C++ include sys/types.h
-- Looking for C++ include sys/types.h - found
-- Looking for C++ include stdint.h
-- Looking for C++ include stdint.h - found
-- Looking for C++ include stddef.h
-- Looking for C++ include stddef.h - found
-- Check size of long
-- Check size of long - done
-- Found long size: 8
-- Check size of long long
-- Check size of long long - done
-- Found long long size: 8
-- Check size of int64_t
-- Check size of int64_t - done
-- Found int64_t size: 8
-- Check size of unsigned long
-- Check size of unsigned long - done
-- Found unsigned long size: 8
-- Check size of unsigned long long
-- Check size of unsigned long long - done
-- Found unsigned long long size: 8
-- Check size of uint64_t
-- Check size of uint64_t - done
-- Found uint64_t size: 8
-- Check size of int *
-- Check size of int * - done
-- Found int * size: 8
-- IPO / LTO supported by compiler: YES
-- IPO / LTO: enabled
-- Performing Test HIGHS_HAVE_MM_PAUSE
-- Performing Test HIGHS_HAVE_MM_PAUSE - Success
-- Performing Test HIGHS_HAVE_BUILTIN_CLZ
-- Performing Test HIGHS_HAVE_BUILTIN_CLZ - Success
-- Performing Test COMPILER_SUPPORTS_POPCNT
-- Performing Test COMPILER_SUPPORTS_POPCNT - Success
-- Found ZLIB: /usr/lib/x86_64-linux-gnu/libz.so (found suitable version "1.3.1", minimum required is "1.2.3")
-- FAST_BUILD set to on.
-- Build C++ example: ON
-- Build CSharp example: OFF
-- Build dotnet package: OFF
-- Performing Test COMPILER_SUPPORTS_INVALID_OFFSET
-- Performing Test COMPILER_SUPPORTS_INVALID_OFFSET - Success
-- No CSharp support
-- Performing Test CMAKE_HAVE_LIBC_PTHREAD
-- Performing Test CMAKE_HAVE_LIBC_PTHREAD - Success
-- Found Threads: TRUE
-- Performing Test HAVE_CXX_ATOMICS_WITHOUT_LIB
-- Performing Test HAVE_CXX_ATOMICS_WITHOUT_LIB - Success
-- Performing Test HAVE_CXX_ATOMICS64_WITHOUT_LIB
-- Performing Test HAVE_CXX_ATOMICS64_WITHOUT_LIB - Success
-- Performing Test COMPILER_HAS_HIDDEN_VISIBILITY
-- Performing Test COMPILER_HAS_HIDDEN_VISIBILITY - Success
-- Performing Test COMPILER_HAS_HIDDEN_INLINE_VISIBILITY
-- Performing Test COMPILER_HAS_HIDDEN_INLINE_VISIBILITY - Success
-- Performing Test COMPILER_HAS_DEPRECATED_ATTR
-- Performing Test COMPILER_HAS_DEPRECATED_ATTR - Success
-- Configuring test /workspace/scuc-kernel-source/examples/call_highs_from_cpp.cpp: ...
-- Configuring test /workspace/scuc-kernel-source/examples/call_highs_from_cpp.cpp: ...DONE
-- Configuring test /workspace/scuc-kernel-source/examples/call_highs_hipdlp.cpp: ...
-- Configuring test /workspace/scuc-kernel-source/examples/call_highs_hipdlp.cpp: ...DONE
/workspace/scuc-kernel-source/examples/call_highs_from_c_minimal.c
-- Configuring test /workspace/scuc-kernel-source/examples/call_highs_from_c_minimal.c: ...
-- Configuring test /workspace/scuc-kernel-source/examples/call_highs_from_c_minimal.c: ...DONE
-- .Net: Use .Net Framework 2.1 support: ON
-- Configuring highs_extras version 1.15.1
-- Configuring done (2.7s)
-- Generating done (0.0s)
-- Build files have been written to: /workspace/scuc-kernel-build
